../Core/Src/main.c:68:5:main	8	static
../Core/Src/main.c:107:6:HAL_TIM_PeriodElapsedCallback	64	static
../Core/Src/main.c:183:6:InitializeSettings	16	static
../Core/Src/main.c:194:6:SaveSettings	16	static
../Core/Src/main.c:199:6:HAL_UARTEx_RxEventCallback	24	static
../Core/Src/main.c:217:6:SendMessage	16	static
../Core/Src/main.c:225:14:calculateCRC	16	static
../Core/Src/main.c:230:6:MX_TIM_Init	64	static
../Core/Src/main.c:274:6:SensorConfiguration	24	static
../Core/Src/main.c:287:6:SystemClock_Config	88	static
../Core/Src/main.c:323:6:Error_Handler	4	static,ignoring_inline_asm
