../Core/Src/main.c:61:5:main	8	static
../Core/Src/main.c:96:6:HAL_TIM_PeriodElapsedCallback	64	static
../Core/Src/main.c:149:6:InitializeSettings	16	static
../Core/Src/main.c:160:6:SaveSettings	16	static
../Core/Src/main.c:165:6:HAL_UARTEx_RxEventCallback	24	static
../Core/Src/main.c:183:6:SendMessage	16	static
../Core/Src/main.c:191:6:MX_TIM_Init	64	static
../Core/Src/main.c:235:6:SensorConfiguration	24	static
../Core/Src/main.c:248:6:SystemClock_Config	88	static
../Core/Src/main.c:284:6:Error_Handler	4	static,ignoring_inline_asm
