Archive member included to satisfy reference by file (symbol)

C:\Users\szymo\STM32Cube\Repository\Packs\ARM\CMSIS\5.7.0\CMSIS\DSP\Lib\GCC\libarm_cortexM7lfsp_math.a(arm_pid_init_f32.o)
                              ./Core/Src/main.o (arm_pid_init_f32)
C:/ST/STM32CubeIDE_1.13.2/STM32CubeIDE/plugins/com.st.stm32cube.ide.mcu.externaltools.gnu-tools-for-stm32.11.3.rel1.win32_1.1.1.202309131626/tools/bin/../lib/gcc/arm-none-eabi/11.3.1/../../../../arm-none-eabi/lib/thumb/v7e-m+fp/hard\libc_nano.a(libc_a-exit.o)
                              C:/ST/STM32CubeIDE_1.13.2/STM32CubeIDE/plugins/com.st.stm32cube.ide.mcu.externaltools.gnu-tools-for-stm32.11.3.rel1.win32_1.1.1.202309131626/tools/bin/../lib/gcc/arm-none-eabi/11.3.1/../../../../arm-none-eabi/lib/thumb/v7e-m+fp/hard/crt0.o (exit)
C:/ST/STM32CubeIDE_1.13.2/STM32CubeIDE/plugins/com.st.stm32cube.ide.mcu.externaltools.gnu-tools-for-stm32.11.3.rel1.win32_1.1.1.202309131626/tools/bin/../lib/gcc/arm-none-eabi/11.3.1/../../../../arm-none-eabi/lib/thumb/v7e-m+fp/hard\libc_nano.a(libc_a-nano-vfprintf_float.o)
                              (_printf_float)
C:/ST/STM32CubeIDE_1.13.2/STM32CubeIDE/plugins/com.st.stm32cube.ide.mcu.externaltools.gnu-tools-for-stm32.11.3.rel1.win32_1.1.1.202309131626/tools/bin/../lib/gcc/arm-none-eabi/11.3.1/../../../../arm-none-eabi/lib/thumb/v7e-m+fp/hard\libc_nano.a(libc_a-nano-vfprintf_i.o)
                              C:/ST/STM32CubeIDE_1.13.2/STM32CubeIDE/plugins/com.st.stm32cube.ide.mcu.externaltools.gnu-tools-for-stm32.11.3.rel1.win32_1.1.1.202309131626/tools/bin/../lib/gcc/arm-none-eabi/11.3.1/../../../../arm-none-eabi/lib/thumb/v7e-m+fp/hard\libc_nano.a(libc_a-nano-vfprintf_float.o) (_printf_common)
C:/ST/STM32CubeIDE_1.13.2/STM32CubeIDE/plugins/com.st.stm32cube.ide.mcu.externaltools.gnu-tools-for-stm32.11.3.rel1.win32_1.1.1.202309131626/tools/bin/../lib/gcc/arm-none-eabi/11.3.1/../../../../arm-none-eabi/lib/thumb/v7e-m+fp/hard\libc_nano.a(libc_a-nano-vfscanf_float.o)
                              (_scanf_float)
C:/ST/STM32CubeIDE_1.13.2/STM32CubeIDE/plugins/com.st.stm32cube.ide.mcu.externaltools.gnu-tools-for-stm32.11.3.rel1.win32_1.1.1.202309131626/tools/bin/../lib/gcc/arm-none-eabi/11.3.1/../../../../arm-none-eabi/lib/thumb/v7e-m+fp/hard\libc_nano.a(libc_a-findfp.o)
                              C:/ST/STM32CubeIDE_1.13.2/STM32CubeIDE/plugins/com.st.stm32cube.ide.mcu.externaltools.gnu-tools-for-stm32.11.3.rel1.win32_1.1.1.202309131626/tools/bin/../lib/gcc/arm-none-eabi/11.3.1/../../../../arm-none-eabi/lib/thumb/v7e-m+fp/hard\libc_nano.a(libc_a-exit.o) (__stdio_exit_handler)
C:/ST/STM32CubeIDE_1.13.2/STM32CubeIDE/plugins/com.st.stm32cube.ide.mcu.externaltools.gnu-tools-for-stm32.11.3.rel1.win32_1.1.1.202309131626/tools/bin/../lib/gcc/arm-none-eabi/11.3.1/../../../../arm-none-eabi/lib/thumb/v7e-m+fp/hard\libc_nano.a(libc_a-fwalk.o)
                              C:/ST/STM32CubeIDE_1.13.2/STM32CubeIDE/plugins/com.st.stm32cube.ide.mcu.externaltools.gnu-tools-for-stm32.11.3.rel1.win32_1.1.1.202309131626/tools/bin/../lib/gcc/arm-none-eabi/11.3.1/../../../../arm-none-eabi/lib/thumb/v7e-m+fp/hard\libc_nano.a(libc_a-findfp.o) (_fwalk_sglue)
C:/ST/STM32CubeIDE_1.13.2/STM32CubeIDE/plugins/com.st.stm32cube.ide.mcu.externaltools.gnu-tools-for-stm32.11.3.rel1.win32_1.1.1.202309131626/tools/bin/../lib/gcc/arm-none-eabi/11.3.1/../../../../arm-none-eabi/lib/thumb/v7e-m+fp/hard\libc_nano.a(libc_a-sprintf.o)
                              ./Core/Src/main.o (sprintf)
C:/ST/STM32CubeIDE_1.13.2/STM32CubeIDE/plugins/com.st.stm32cube.ide.mcu.externaltools.gnu-tools-for-stm32.11.3.rel1.win32_1.1.1.202309131626/tools/bin/../lib/gcc/arm-none-eabi/11.3.1/../../../../arm-none-eabi/lib/thumb/v7e-m+fp/hard\libc_nano.a(libc_a-sscanf.o)
                              ./Core/Src/main.o (sscanf)
C:/ST/STM32CubeIDE_1.13.2/STM32CubeIDE/plugins/com.st.stm32cube.ide.mcu.externaltools.gnu-tools-for-stm32.11.3.rel1.win32_1.1.1.202309131626/tools/bin/../lib/gcc/arm-none-eabi/11.3.1/../../../../arm-none-eabi/lib/thumb/v7e-m+fp/hard\libc_nano.a(libc_a-stdio.o)
                              C:/ST/STM32CubeIDE_1.13.2/STM32CubeIDE/plugins/com.st.stm32cube.ide.mcu.externaltools.gnu-tools-for-stm32.11.3.rel1.win32_1.1.1.202309131626/tools/bin/../lib/gcc/arm-none-eabi/11.3.1/../../../../arm-none-eabi/lib/thumb/v7e-m+fp/hard\libc_nano.a(libc_a-findfp.o) (__sread)
C:/ST/STM32CubeIDE_1.13.2/STM32CubeIDE/plugins/com.st.stm32cube.ide.mcu.externaltools.gnu-tools-for-stm32.11.3.rel1.win32_1.1.1.202309131626/tools/bin/../lib/gcc/arm-none-eabi/11.3.1/../../../../arm-none-eabi/lib/thumb/v7e-m+fp/hard\libc_nano.a(libc_a-memset.o)
                              C:/ST/STM32CubeIDE_1.13.2/STM32CubeIDE/plugins/com.st.stm32cube.ide.mcu.externaltools.gnu-tools-for-stm32.11.3.rel1.win32_1.1.1.202309131626/tools/bin/../lib/gcc/arm-none-eabi/11.3.1/../../../../arm-none-eabi/lib/thumb/v7e-m+fp/hard/crt0.o (memset)
[...]
Memory Configuration

Name             Origin             Length             Attributes
RAM              0x0000000020000000 0x0000000000050000 xrw
FLASH            0x0000000008000000 0x0000000000100000 xr
*default*        0x0000000000000000 0xffffffffffffffff

Linker script and memory map

LOAD C:/ST/STM32CubeIDE_1.13.2/STM32CubeIDE/plugins/com.st.stm32cube.ide.mcu.externaltools.gnu-tools-for-stm32.11.3.rel1.win32_1.1.1.202309131626/tools/bin/../lib/gcc/arm-none-eabi/11.3.1/thumb/v7e-m+fp/hard/crti.o
LOAD C:/ST/STM32CubeIDE_1.13.2/STM32CubeIDE/plugins/com.st.stm32cube.ide.mcu.externaltools.gnu-tools-for-stm32.11.3.rel1.win32_1.1.1.202309131626/tools/bin/../lib/gcc/arm-none-eabi/11.3.1/thumb/v7e-m+fp/hard/crtbegin.o
LOAD C:/ST/STM32CubeIDE_1.13.2/STM32CubeIDE/plugins/com.st.stm32cube.ide.mcu.externaltools.gnu-tools-for-stm32.11.3.rel1.win32_1.1.1.202309131626/tools/bin/../lib/gcc/arm-none-eabi/11.3.1/../../../../arm-none-eabi/lib/thumb/v7e-m+fp/hard/crt0.o
LOAD ./Core/Src/BMP280_STM32.o
LOAD ./Core/Src/bmp280.o
LOAD ./Core/Src/crc.o
LOAD ./Core/Src/dma.o
LOAD ./Core/Src/gpio.o
LOAD ./Core/Src/i2c.o
LOAD ./Core/Src/main.o
LOAD ./Core/Src/rtc.o
LOAD ./Core/Src/stm32f7xx_hal_msp.o
LOAD ./Core/Src/stm32f7xx_it.o
LOAD ./Core/Src/syscalls.o
LOAD ./Core/Src/sysmem.o
LOAD ./Core/Src/system_stm32f7xx.o
LOAD ./Core/Src/tim.o
LOAD ./Core/Src/usart.o
LOAD ./Core/Startup/startup_stm32f746zgtx.o
LOAD ./Drivers/STM32F7xx_HAL_Driver/Src/stm32f7xx_hal.o
LOAD ./Drivers/STM32F7xx_HAL_Driver/Src/stm32f7xx_hal_cortex.o
LOAD ./Drivers/STM32F7xx_HAL_Driver/Src/stm32f7xx_hal_crc.o
LOAD ./Drivers/STM32F7xx_HAL_Driver/Src/stm32f7xx_hal_crc_ex.o
LOAD ./Drivers/STM32F7xx_HAL_Driver/Src/stm32f7xx_hal_dma.o
LOAD ./Drivers/STM32F7xx_HAL_Driver/Src/stm32f7xx_hal_dma_ex.o
LOAD ./Drivers/STM32F7xx_HAL_Driver/Src/stm32f7xx_hal_exti.o
LOAD ./Drivers/STM32F7xx_HAL_Driver/Src/stm32f7xx_hal_flash.o
LOAD ./Drivers/STM32F7xx_HAL_Driver/Src/stm32f7xx_hal_flash_ex.o
LOAD ./Drivers/STM32F7xx_HAL_Driver/Src/stm32f7xx_hal_gpio.o
LOAD ./Drivers/STM32F7xx_HAL_Driver/Src/stm32f7xx_hal_i2c.o
LOAD ./Drivers/STM32F7xx_HAL_Driver/Src/stm32f7xx_hal_i2c_ex.o
LOAD ./Drivers/STM32F7xx_HAL_Driver/Src/stm32f7xx_hal_pwr.o
LOAD ./Drivers/STM32F7xx_HAL_Driver/Src/stm32f7xx_hal_pwr_ex.o
LOAD ./Drivers/STM32F7xx_HAL_Driver/Src/stm32f7xx_hal_rcc.o
LOAD ./Drivers/STM32F7xx_HAL_Driver/Src/stm32f7xx_hal_rcc_ex.o
LOAD ./Drivers/STM32F7xx_HAL_Driver/Src/stm32f7xx_hal_rtc.o
LOAD ./Drivers/STM32F7xx_HAL_Driver/Src/stm32f7xx_hal_rtc_ex.o
LOAD ./Drivers/STM32F7xx_HAL_Driver/Src/stm32f7xx_hal_tim.o
LOAD ./Drivers/STM32F7xx_HAL_Driver/Src/stm32f7xx_hal_tim_ex.o
LOAD ./Drivers/STM32F7xx_HAL_Driver/Src/stm32f7xx_hal_uart.o
LOAD ./Drivers/STM32F7xx_HAL_Driver/Src/stm32f7xx_hal_uart_ex.o
LOAD C:\Users\szymo\STM32Cube\Repository\Packs\ARM\CMSIS\5.7.0\CMSIS\DSP\Lib\GCC\libarm_cortexM7lfsp_math.a
START GROUP
LOAD C:/ST/STM32CubeIDE_1.13.2/STM32CubeIDE/plugins/com.st.stm32cube.ide.mcu.externaltools.gnu-tools-for-stm32.11.3.rel1.win32_1.1.1.202309131626/tools/bin/../lib/gcc/arm-none-eabi/11.3.1/../../../../arm-none-eabi/lib/thumb/v7e-m+fp/hard\libc_nano.a
LOAD C:/ST/STM32CubeIDE_1.13.2/STM32CubeIDE/plugins/com.st.stm32cube.ide.mcu.externaltools.gnu-tools-for-stm32.11.3.rel1.win32_1.1.1.202309131626/tools/bin/../lib/gcc/arm-none-eabi/11.3.1/../../../../arm-none-eabi/lib/thumb/v7e-m+fp/hard\libm.a
END GROUP
START GROUP
LOAD C:/ST/STM32CubeIDE_1.13.2/STM32CubeIDE/plugins/com.st.stm32cube.ide.mcu.externaltools.gnu-tools-for-stm32.11.3.rel1.win32_1.1.1.202309131626/tools/bin/../lib/gcc/arm-none-eabi/11.3.1/thumb/v7e-m+fp/hard\libgcc.a
LOAD C:/ST/STM32CubeIDE_1.13.2/STM32CubeIDE/plugins/com.st.stm32cube.ide.mcu.externaltools.gnu-tools-for-stm32.11.3.rel1.win32_1.1.1.202309131626/tools/bin/../lib/gcc/arm-none-eabi/11.3.1/../../../../arm-none-eabi/lib/thumb/v7e-m+fp/hard\libc_nano.a
END GROUP
START GROUP
LOAD C:/ST/STM32CubeIDE_1.13.2/STM32CubeIDE/plugins/com.st.stm32cube.ide.mcu.externaltools.gnu-tools-for-stm32.11.3.rel1.win32_1.1.1.202309131626/tools/bin/../lib/gcc/arm-none-eabi/11.3.1/thumb/v7e-m+fp/hard\libgcc.a
LOAD C:/ST/STM32CubeIDE_1.13.2/STM32CubeIDE/plugins/com.st.stm32cube.ide.mcu.externaltools.gnu-tools-for-stm32.11.3.rel1.win32_1.1.1.202309131626/tools/bin/../lib/gcc/arm-none-eabi/11.3.1/../../../../arm-none-eabi/lib/thumb/v7e-m+fp/hard\libc_nano.a
LOAD C:/ST/STM32CubeIDE_1.13.2/STM32CubeIDE/plugins/com.st.stm32cube.ide.mcu.externaltools.gnu-tools-for-stm32.11.3.rel1.win32_1.1.1.202309131626/tools/bin/../lib/gcc/arm-none-eabi/11.3.1/../../../../arm-none-eabi/lib/thumb/v7e-m+fp/hard\libnosys.a
END GROUP
START GROUP
LOAD C:/ST/STM32CubeIDE_1.13.2/STM32CubeIDE/plugins/com.st.stm32cube.ide.mcu.externaltools.gnu-tools-for-stm32.11.3.rel1.win32_1.1.1.202309131626/tools/bin/../lib/gcc/arm-none-eabi/11.3.1/thumb/v7e-m+fp/hard\libgcc.a
LOAD C:/ST/STM32CubeIDE_1.13.2/STM32CubeIDE/plugins/com.st.stm32cube.ide.mcu.externaltools.gnu-tools-for-stm32.11.3.rel1.win32_1.1.1.202309131626/tools/bin/../lib/gcc/arm-none-eabi/11.3.1/../../../../arm-none-eabi/lib/thumb/v7e-m+fp/hard\libc_nano.a
LOAD C:/ST/STM32CubeIDE_1.13.2/STM32CubeIDE/plugins/com.st.stm32cube.ide.mcu.externaltools.gnu-tools-for-stm32.11.3.rel1.win32_1.1.1.202309131626/tools/bin/../lib/gcc/arm-none-eabi/11.3.1/../../../../arm-none-eabi/lib/thumb/v7e-m+fp/hard\libnosys.a
END GROUP
LOAD C:/ST/STM32CubeIDE_1.13.2/STM32CubeIDE/plugins/com.st.stm32cube.ide.mcu.externaltools.gnu-tools-for-stm32.11.3.rel1.win32_1.1.1.202309131626/tools/bin/../lib/gcc/arm-none-eabi/11.3.1/thumb/v7e-m+fp/hard/crtend.o
LOAD C:/ST/STM32CubeIDE_1.13.2/STM32CubeIDE/plugins/com.st.stm32cube.ide.mcu.externaltools.gnu-tools-for-stm32.11.3.rel1.win32_1.1.1.202309131626/tools/bin/../lib/gcc/arm-none-eabi/11.3.1/thumb/v7e-m+fp/hard/crtn.o
                0x0000000020050000                _estack = (ORIGIN (RAM) + LENGTH (RAM))
                0x0000000000000200                _Min_Heap_Size = 0x200
                0x0000000000000400                _Min_Stack_Size = 0x400

.isr_vector     0x0000000008000000      0x1c8
                0x0000000008000000                . = ALIGN (0x4)
 *(.isr_vector)
 .isr_vector    0x0000000008000000      0x1c8 ./Core/Startup/startup_stm32f746zgtx.o
                0x0000000008000000                g_pfnVectors
                0x00000000080001c8                . = ALIGN (0x4)

.text           0x00000000080001d0     0xe830
                0x00000000080001d0                . = ALIGN (0x4)
 *(.text)
 .text          0x00000000080001d0       0x40 C:/ST/STM32CubeIDE_1.13.2/STM32CubeIDE/plugins/com.st.stm32cube.ide.mcu.externaltools.gnu-tools-for-stm32.11.3.rel1.win32_1.1.1.202309131626/tools/bin/../lib/gcc/arm-none-eabi/11.3.1/thumb/v7e-m+fp/hard/crtbegin.o
 .text          0x0000000008000210       0xa0 C:/ST/STM32CubeIDE_1.13.2/STM32CubeIDE/plugins/com.st.stm32cube.ide.mcu.externaltools.gnu-tools-for-stm32.11.3.rel1.win32_1.1.1.202309131626/tools/bin/../lib/gcc/arm-none-eabi/11.3.1/../../../../arm-none-eabi/lib/thumb/v7e-m+fp/hard\libc_nano.a(libc_a-memchr.o)
                0x0000000008000210                memchr
 .text          0x00000000080002b0       0x10 C:/ST/STM32CubeIDE_1.13.2/STM32CubeIDE/plugins/com.st.stm32cube.ide.mcu.externaltools.gnu-tools-for-stm32.11.3.rel1.win32_1.1.1.202309131626/tools/bin/../lib/gcc/arm-none-eabi/11.3.1/../../../../arm-none-eabi/lib/thumb/v7e-m+fp/hard\libc_nano.a(libc_a-strlen.o)
                0x00000000080002b0                strlen
 .text          0x00000000080002c0      0x378 C:/ST/STM32CubeIDE_1.13.2/STM32CubeIDE/plugins/com.st.stm32cube.ide.mcu.externaltools.gnu-tools-for-stm32.11.3.rel1.win32_1.1.1.202309131626/tools/bin/../lib/gcc/arm-none-eabi/11.3.1/thumb/v7e-m+fp/hard\libgcc.a(_arm_addsubdf3.o)
                0x00000000080002c0                __aeabi_drsub
                0x00000000080002c8                __aeabi_dsub
                0x00000000080002c8                __subdf3
                0x00000000080002cc                __aeabi_dadd
                0x00000000080002cc                __adddf3
                0x0000000008000544                __floatunsidf
                0x0000000008000544                __aeabi_ui2d
                0x0000000008000564                __floatsidf
                0x0000000008000564                __aeabi_i2d
                0x0000000008000588                __aeabi_f2d
                0x0000000008000588                __extendsfdf2
                0x00000000080005cc                __floatundidf
                0x00000000080005cc                __aeabi_ul2d
                0x00000000080005dc                __floatdidf
                0x00000000080005dc                __aeabi_l2d
 .text          0x0000000008000638      0x424 C:/ST/STM32CubeIDE_1.13.2/STM32CubeIDE/plugins/com.st.stm32cube.ide.mcu.externaltools.gnu-tools-for-stm32.11.3.rel1.win32_1.1.1.202309131626/tools/bin/../lib/gcc/arm-none-eabi/11.3.1/thumb/v7e-m+fp/hard\libgcc.a(_arm_muldivdf3.o)
                0x0000000008000638                __aeabi_dmul
                0x0000000008000638                __muldf3
                0x000000000800088c                __divdf3
                0x000000000800088c                __aeabi_ddiv
 .text          0x0000000008000a5c      0x110 C:/ST/STM32CubeIDE_1.13.2/STM32CubeIDE/plugins/com.st.stm32cube.ide.mcu.externaltools.gnu-tools-for-stm32.11.3.rel1.win32_1.1.1.202309131626/tools/bin/../lib/gcc/arm-none-eabi/11.3.1/thumb/v7e-m+fp/hard\libgcc.a(_arm_cmpdf2.o)
                0x0000000008000a5c                __gtdf2
                0x0000000008000a5c                __gedf2
                0x0000000008000a64                __ltdf2
                0x0000000008000a64                __ledf2
                0x0000000008000a6c                __nedf2
                0x0000000008000a6c                __eqdf2
                0x0000000008000a6c                __cmpdf2
                0x0000000008000ae8                __aeabi_cdrcmple
                0x0000000008000af8                __aeabi_cdcmpeq
                0x0000000008000af8                __aeabi_cdcmple
                0x0000000008000b08                __aeabi_dcmpeq
                0x0000000008000b1c                __aeabi_dcmplt
                0x0000000008000b30                __aeabi_dcmple
                0x0000000008000b44                __aeabi_dcmpge
                0x0000000008000b58                __aeabi_dcmpgt
 .text          0x0000000008000b6c       0x2c C:/ST/STM32CubeIDE_1.13.2/STM32CubeIDE/plugins/com.st.stm32cube.ide.mcu.externaltools.gnu-tools-for-stm32.11.3.rel1.win32_1.1.1.202309131626/tools/bin/../lib/gcc/arm-none-eabi/11.3.1/thumb/v7e-m+fp/hard\libgcc.a(_arm_unorddf2.o)
                0x0000000008000b6c                __unorddf2
                0x0000000008000b6c                __aeabi_dcmpun
 .text          0x0000000008000b98       0x50 C:/ST/STM32CubeIDE_1.13.2/STM32CubeIDE/plugins/com.st.stm32cube.ide.mcu.externaltools.gnu-tools-for-stm32.11.3.rel1.win32_1.1.1.202309131626/tools/bin/../lib/gcc/arm-none-eabi/11.3.1/thumb/v7e-m+fp/hard\libgcc.a(_arm_fixdfsi.o)
                0x0000000008000b98                __aeabi_d2iz
                0x0000000008000b98                __fixdfsi
 .text          0x0000000008000be8       0x40 C:/ST/STM32CubeIDE_1.13.2/STM32CubeIDE/plugins/com.st.stm32cube.ide.mcu.externaltools.gnu-tools-for-stm32.11.3.rel1.win32_1.1.1.202309131626/tools/bin/../lib/gcc/arm-none-eabi/11.3.1/thumb/v7e-m+fp/hard\libgcc.a(_arm_fixunsdfsi.o)
                0x0000000008000be8                __aeabi_d2uiz
                0x0000000008000be8                __fixunsdfsi
 .text          0x0000000008000c28       0xa0 C:/ST/STM32CubeIDE_1.13.2/STM32CubeIDE/plugins/com.st.stm32cube.ide.mcu.externaltools.gnu-tools-for-stm32.11.3.rel1.win32_1.1.1.202309131626/tools/bin/../lib/gcc/arm-none-eabi/11.3.1/thumb/v7e-m+fp/hard\libgcc.a(_arm_truncdfsf2.o)
                0x0000000008000c28                __truncdfsf2
                0x0000000008000c28                __aeabi_d2f
 .text          0x0000000008000cc8       0xa0 C:/ST/STM32CubeIDE_1.13.2/STM32CubeIDE/plugins/com.st.stm32cube.ide.mcu.externaltools.gnu-tools-for-stm32.11.3.rel1.win32_1.1.1.202309131626/tools/bin/../lib/gcc/arm-none-eabi/11.3.1/thumb/v7e-m+fp/hard\libgcc.a(_aeabi_ldivmod.o)
                0x0000000008000cc8                __aeabi_ldivmod
 .text          0x0000000008000d68       0x30 C:/ST/STM32CubeIDE_1.13.2/STM32CubeIDE/plugins/com.st.stm32cube.ide.mcu.externaltools.gnu-tools-for-stm32.11.3.rel1.win32_1.1.1.202309131626/tools/bin/../lib/gcc/arm-none-eabi/11.3.1/thumb/v7e-m+fp/hard\libgcc.a(_aeabi_uldivmod.o)
                0x0000000008000d68                __aeabi_uldivmod
 .text          0x0000000008000d98       0x30 C:/ST/STM32CubeIDE_1.13.2/STM32CubeIDE/plugins/com.st.stm32cube.ide.mcu.externaltools.gnu-tools-for-stm32.11.3.rel1.win32_1.1.1.202309131626/tools/bin/../lib/gcc/arm-none-eabi/11.3.1/thumb/v7e-m+fp/hard\libgcc.a(_fixdfdi.o)
                0x0000000008000d98                __fixdfdi
                0x0000000008000d98                __aeabi_d2lz
 .text          0x0000000008000dc8       0x3c C:/ST/STM32CubeIDE_1.13.2/STM32CubeIDE/plugins/com.st.stm32cube.ide.mcu.externaltools.gnu-tools-for-stm32.11.3.rel1.win32_1.1.1.202309131626/tools/bin/../lib/gcc/arm-none-eabi/11.3.1/thumb/v7e-m+fp/hard\libgcc.a(_fixunsdfdi.o)
                0x0000000008000dc8                __fixunsdfdi
                0x0000000008000dc8                __aeabi_d2ulz
 .text          0x0000000008000e04      0x2c8 C:/ST/STM32CubeIDE_1.13.2/STM32CubeIDE/plugins/com.st.stm32cube.ide.mcu.externaltools.gnu-tools-for-stm32.11.3.rel1.win32_1.1.1.202309131626/tools/bin/../lib/gcc/arm-none-eabi/11.3.1/thumb/v7e-m+fp/hard\libgcc.a(_udivmoddi4.o)
                0x0000000008000e04                __udivmoddi4
 .text          0x00000000080010cc        0x4 C:/ST/STM32CubeIDE_1.13.2/STM32CubeIDE/plugins/com.st.stm32cube.ide.mcu.externaltools.gnu-tools-for-stm32.11.3.rel1.win32_1.1.1.202309131626/tools/bin/../lib/gcc/arm-none-eabi/11.3.1/thumb/v7e-m+fp/hard\libgcc.a(_dvmd_tls.o)
                0x00000000080010cc                __aeabi_idiv0
                0x00000000080010cc                __aeabi_ldiv0
 *(.text*)
 .text.TrimRead
                0x00000000080010d0      0x1c4 ./Core/Src/BMP280_STM32.o
                0x00000000080010d0                TrimRead
 .text.BMP280_Config
                0x0000000008001294      0x1ac ./Core/Src/BMP280_STM32.o
                0x0000000008001294                BMP280_Config
 .text.BMPReadRaw
                0x0000000008001440       0x98 ./Core/Src/BMP280_STM32.o
                0x0000000008001440                BMPReadRaw
 .text.BMP280_compensate_T_int32
                0x00000000080014d8       0x84 ./Core/Src/BMP280_STM32.o
                0x00000000080014d8                BMP280_compensate_T_int32
 .text.BMP280_compensate_P_int64
                0x000000000800155c      0x58c ./Core/Src/BMP280_STM32.o
                0x000000000800155c                BMP280_compensate_P_int64
 .text.BMP280_compensate_H_int32
                0x0000000008001ae8       0xd8 ./Core/Src/BMP280_STM32.o
                0x0000000008001ae8                BMP280_compensate_H_int32
 .text.BMP280_Measure
                0x0000000008001bc0      0x118 ./Core/Src/BMP280_STM32.o
                0x0000000008001bc0                BMP280_Measure
 .text.MX_CRC_Init
                0x0000000008001cd8       0x44 ./Core/Src/crc.o
                0x0000000008001cd8                MX_CRC_Init
 .text.HAL_CRC_MspInit
                0x0000000008001d1c       0x40 ./Core/Src/crc.o
                0x0000000008001d1c                HAL_CRC_MspInit
 .text.MX_DMA_Init
                0x0000000008001d5c       0x3c ./Core/Src/dma.o
                0x0000000008001d5c                MX_DMA_Init
 .text.MX_GPIO_Init
                0x0000000008001d98      0x208 ./Core/Src/gpio.o
                0x0000000008001d98                MX_GPIO_Init
 .text.MX_I2C1_Init
                0x0000000008001fa0       0x80 ./Core/Src/i2c.o
                0x0000000008001fa0                MX_I2C1_Init
 .text.HAL_I2C_MspInit
                0x0000000008002020       0xe0 ./Core/Src/i2c.o
                0x0000000008002020                HAL_I2C_MspInit
 .text.main     0x0000000008002100       0xa8 ./Core/Src/main.o
                0x0000000008002100                main
 .text.HAL_TIM_PeriodElapsedCallback
                0x00000000080021a8      0x35c ./Core/Src/main.o
                0x00000000080021a8                HAL_TIM_PeriodElapsedCallback
 .text.InitializeSettings
                0x0000000008002504       0x38 ./Core/Src/main.o
                0x0000000008002504                InitializeSettings
 .text.HAL_UARTEx_RxEventCallback
                0x000000000800253c       0x78 ./Core/Src/main.o
                0x000000000800253c                HAL_UARTEx_RxEventCallback
 .text.SendMessage
                0x00000000080025b4       0x34 ./Core/Src/main.o
                0x00000000080025b4                SendMessage
 .text.calculateCRC
                0x00000000080025e8       0x24 ./Core/Src/main.o
                0x00000000080025e8                calculateCRC
 .text.MX_TIM_Init
                0x000000000800260c       0xf4 ./Core/Src/main.o
                0x000000000800260c                MX_TIM_Init
 .text.SensorConfiguration
                0x0000000008002700       0x44 ./Core/Src/main.o
                0x0000000008002700                SensorConfiguration
 .text.SystemClock_Config
                0x0000000008002744       0xe0 ./Core/Src/main.o
                0x0000000008002744                SystemClock_Config
 .text.Error_Handler
                0x0000000008002824        0xa ./Core/Src/main.o
                0x0000000008002824                Error_Handler
 *fill*         0x000000000800282e        0x2 
 .text.MX_RTC_Init
                0x0000000008002830       0xb4 ./Core/Src/rtc.o
                0x0000000008002830                MX_RTC_Init
 .text.HAL_RTC_MspInit
                0x00000000080028e4       0x5c ./Core/Src/rtc.o
                0x00000000080028e4                HAL_RTC_MspInit
 .text.HAL_MspInit
                0x0000000008002940       0x48 ./Core/Src/stm32f7xx_hal_msp.o
                0x0000000008002940                HAL_MspInit
 .text.NMI_Handler
                0x0000000008002988        0x6 ./Core/Src/stm32f7xx_it.o
                0x0000000008002988                NMI_Handler
 .text.HardFault_Handler
                0x000000000800298e        0x6 ./Core/Src/stm32f7xx_it.o
                0x000000000800298e                HardFault_Handler
 .text.MemManage_Handler
                0x0000000008002994        0x6 ./Core/Src/stm32f7xx_it.o
                0x0000000008002994                MemManage_Handler
 .text.BusFault_Handler
                0x000000000800299a        0x6 ./Core/Src/stm32f7xx_it.o
                0x000000000800299a                BusFault_Handler
 .text.UsageFault_Handler
                0x00000000080029a0        0x6 ./Core/Src/stm32f7xx_it.o
                0x00000000080029a0                UsageFault_Handler
 .text.SVC_Handler
                0x00000000080029a6        0xe ./Core/Src/stm32f7xx_it.o
                0x00000000080029a6                SVC_Handler
 .text.DebugMon_Handler
                0x00000000080029b4        0xe ./Core/Src/stm32f7xx_it.o
                0x00000000080029b4                DebugMon_Handler
 .text.PendSV_Handler
                0x00000000080029c2        0xe ./Core/Src/stm32f7xx_it.o
                0x00000000080029c2                PendSV_Handler
 .text.SysTick_Handler
                0x00000000080029d0        0xc ./Core/Src/stm32f7xx_it.o
                0x00000000080029d0                SysTick_Handler
 .text.DMA1_Stream1_IRQHandler
                0x00000000080029dc       0x14 ./Core/Src/stm32f7xx_it.o
                0x00000000080029dc                DMA1_Stream1_IRQHandler
 .text.TIM4_IRQHandler
                0x00000000080029f0       0x14 ./Core/Src/stm32f7xx_it.o
                0x00000000080029f0                TIM4_IRQHandler
 .text.I2C1_EV_IRQHandler
                0x0000000008002a04       0x14 ./Core/Src/stm32f7xx_it.o
                0x0000000008002a04                I2C1_EV_IRQHandler
 .text.I2C1_ER_IRQHandler
                0x0000000008002a18       0x14 ./Core/Src/stm32f7xx_it.o
                0x0000000008002a18                I2C1_ER_IRQHandler
 .text.USART3_IRQHandler
                0x0000000008002a2c       0x14 ./Core/Src/stm32f7xx_it.o
                0x0000000008002a2c                USART3_IRQHandler
 .text._getpid  0x0000000008002a40       0x10 ./Core/Src/syscalls.o
                0x0000000008002a40                _getpid
 .text._kill    0x0000000008002a50       0x20 ./Core/Src/syscalls.o
                0x0000000008002a50                _kill
 .text._exit    0x0000000008002a70       0x14 ./Core/Src/syscalls.o
                0x0000000008002a70                _exit
 .text._read    0x0000000008002a84       0x3a ./Core/Src/syscalls.o
                0x0000000008002a84                _read
 .text._write   0x0000000008002abe       0x38 ./Core/Src/syscalls.o
                0x0000000008002abe                _write
 .text._close   0x0000000008002af6       0x18 ./Core/Src/syscalls.o
                0x0000000008002af6                _close
 .text._fstat   0x0000000008002b0e       0x20 ./Core/Src/syscalls.o
                0x0000000008002b0e                _fstat
 .text._isatty  0x0000000008002b2e       0x16 ./Core/Src/syscalls.o
                0x0000000008002b2e                _isatty
 .text._lseek   0x0000000008002b44       0x1a ./Core/Src/syscalls.o
                0x0000000008002b44                _lseek
 *fill*         0x0000000008002b5e        0x2 
 .text._sbrk    0x0000000008002b60       0x6c ./Core/Src/sysmem.o
                0x0000000008002b60                _sbrk
 .text.SystemInit
                0x0000000008002bcc       0x24 ./Core/Src/system_stm32f7xx.o
                0x0000000008002bcc                SystemInit
 .text.HAL_TIM_Base_MspInit
                0x0000000008002bf0       0x4c ./Core/Src/tim.o
                0x0000000008002bf0                HAL_TIM_Base_MspInit
 .text.HAL_TIM_MspPostInit
                0x0000000008002c3c       0x70 ./Core/Src/tim.o
                0x0000000008002c3c                HAL_TIM_MspPostInit
 .text.MX_USART3_UART_Init
                0x0000000008002cac       0x60 ./Core/Src/usart.o
                0x0000000008002cac                MX_USART3_UART_Init
 .text.HAL_UART_MspInit
                0x0000000008002d0c      0x134 ./Core/Src/usart.o
                0x0000000008002d0c                HAL_UART_MspInit
 .text.Reset_Handler
                0x0000000008002e40       0x50 ./Core/Startup/startup_stm32f746zgtx.o
                0x0000000008002e40                Reset_Handler
 .text.Default_Handler
                0x0000000008002e90        0x2 ./Core/Startup/startup_stm32f746zgtx.o
                0x0000000008002e90                RTC_Alarm_IRQHandler
                0x0000000008002e90                EXTI2_IRQHandler
                0x0000000008002e90                TIM8_CC_IRQHandler
                0x0000000008002e90                UART8_IRQHandler
                0x0000000008002e90                SPI4_IRQHandler
                0x0000000008002e90                TIM1_CC_IRQHandler
                0x0000000008002e90                DMA2_Stream5_IRQHandler
                0x0000000008002e90                DMA1_Stream5_IRQHandler
                0x0000000008002e90                PVD_IRQHandler
                0x0000000008002e90                TAMP_STAMP_IRQHandler
                0x0000000008002e90                CAN2_RX1_IRQHandler
                0x0000000008002e90                EXTI3_IRQHandler
                0x0000000008002e90                TIM8_TRG_COM_TIM14_IRQHandler
                0x0000000008002e90                TIM1_UP_TIM10_IRQHandler
                0x0000000008002e90                TIM8_UP_TIM13_IRQHandler
                0x0000000008002e90                I2C3_ER_IRQHandler
                0x0000000008002e90                EXTI0_IRQHandler
                0x0000000008002e90                I2C2_EV_IRQHandler
                0x0000000008002e90                DMA1_Stream2_IRQHandler
                0x0000000008002e90                CAN1_RX0_IRQHandler
                0x0000000008002e90                FPU_IRQHandler
                0x0000000008002e90                OTG_HS_WKUP_IRQHandler
                0x0000000008002e90                LTDC_ER_IRQHandler
                0x0000000008002e90                CAN2_SCE_IRQHandler
                0x0000000008002e90                DMA2_Stream2_IRQHandler
                0x0000000008002e90                SPI1_IRQHandler
                0x0000000008002e90                TIM6_DAC_IRQHandler
                0x0000000008002e90                TIM1_BRK_TIM9_IRQHandler
                0x0000000008002e90                DCMI_IRQHandler
                0x0000000008002e90                CAN2_RX0_IRQHandler
                0x0000000008002e90                DMA2_Stream3_IRQHandler
                0x0000000008002e90                SAI2_IRQHandler
                0x0000000008002e90                USART6_IRQHandler
                0x0000000008002e90                CAN1_RX1_IRQHandler
                0x0000000008002e90                UART5_IRQHandler
                0x0000000008002e90                DMA2_Stream0_IRQHandler
                0x0000000008002e90                QUADSPI_IRQHandler
                0x0000000008002e90                DMA1_Stream6_IRQHandler
                0x0000000008002e90                UART4_IRQHandler
                0x0000000008002e90                TIM3_IRQHandler
                0x0000000008002e90                RCC_IRQHandler
                0x0000000008002e90                TIM8_BRK_TIM12_IRQHandler
                0x0000000008002e90                Default_Handler
                0x0000000008002e90                CEC_IRQHandler
                0x0000000008002e90                EXTI15_10_IRQHandler
                0x0000000008002e90                ADC_IRQHandler
                0x0000000008002e90                DMA1_Stream7_IRQHandler
                0x0000000008002e90                SPI5_IRQHandler
                0x0000000008002e90                TIM7_IRQHandler
                0x0000000008002e90                SDMMC1_IRQHandler
                0x0000000008002e90                CAN2_TX_IRQHandler
                0x0000000008002e90                TIM5_IRQHandler
                0x0000000008002e90                DMA2_Stream7_IRQHandler
                0x0000000008002e90                I2C3_EV_IRQHandler
                0x0000000008002e90                EXTI9_5_IRQHandler
                0x0000000008002e90                RTC_WKUP_IRQHandler
                0x0000000008002e90                LTDC_IRQHandler
                0x0000000008002e90                ETH_WKUP_IRQHandler
                0x0000000008002e90                SPDIF_RX_IRQHandler
                0x0000000008002e90                SPI2_IRQHandler
                0x0000000008002e90                OTG_HS_EP1_IN_IRQHandler
                0x0000000008002e90                DMA1_Stream0_IRQHandler
                0x0000000008002e90                CAN1_TX_IRQHandler
                0x0000000008002e90                EXTI4_IRQHandler
                0x0000000008002e90                RNG_IRQHandler
                0x0000000008002e90                ETH_IRQHandler
                0x0000000008002e90                OTG_HS_EP1_OUT_IRQHandler
                0x0000000008002e90                WWDG_IRQHandler
                0x0000000008002e90                SPI6_IRQHandler
                0x0000000008002e90                I2C4_EV_IRQHandler
                0x0000000008002e90                TIM2_IRQHandler
                0x0000000008002e90                OTG_FS_WKUP_IRQHandler
                0x0000000008002e90                TIM1_TRG_COM_TIM11_IRQHandler
                0x0000000008002e90                OTG_HS_IRQHandler
                0x0000000008002e90                DMA2D_IRQHandler
                0x0000000008002e90                EXTI1_IRQHandler
                0x0000000008002e90                UART7_IRQHandler
                0x0000000008002e90                USART2_IRQHandler
                0x0000000008002e90                I2C2_ER_IRQHandler
                0x0000000008002e90                DMA2_Stream1_IRQHandler
                0x0000000008002e90                CAN1_SCE_IRQHandler
                0x0000000008002e90                FLASH_IRQHandler
                0x0000000008002e90                DMA2_Stream4_IRQHandler
                0x0000000008002e90                USART1_IRQHandler
                0x0000000008002e90                OTG_FS_IRQHandler
                0x0000000008002e90                SPI3_IRQHandler
                0x0000000008002e90                DMA1_Stream4_IRQHandler
                0x0000000008002e90                FMC_IRQHandler
                0x0000000008002e90                LPTIM1_IRQHandler
                0x0000000008002e90                I2C4_ER_IRQHandler
                0x0000000008002e90                DMA2_Stream6_IRQHandler
                0x0000000008002e90                SAI1_IRQHandler
                0x0000000008002e90                DMA1_Stream3_IRQHandler
 .text.HAL_Init
                0x0000000008002e92       0x1a ./Drivers/STM32F7xx_HAL_Driver/Src/stm32f7xx_hal.o
                0x0000000008002e92                HAL_Init
 .text.HAL_InitTick
                0x0000000008002eac       0x60 ./Drivers/STM32F7xx_HAL_Driver/Src/stm32f7xx_hal.o
                0x0000000008002eac                HAL_InitTick
 .text.HAL_IncTick
                0x0000000008002f0c       0x28 ./Drivers/STM32F7xx_HAL_Driver/Src/stm32f7xx_hal.o
                0x0000000008002f0c                HAL_IncTick
 .text.HAL_GetTick
                0x0000000008002f34       0x18 ./Drivers/STM32F7xx_HAL_Driver/Src/stm32f7xx_hal.o
                0x0000000008002f34                HAL_GetTick
 .text.HAL_Delay
                0x0000000008002f4c       0x48 ./Drivers/STM32F7xx_HAL_Driver/Src/stm32f7xx_hal.o
                0x0000000008002f4c                HAL_Delay
 .text.__NVIC_SetPriorityGrouping
                0x0000000008002f94       0x48 ./Drivers/STM32F7xx_HAL_Driver/Src/stm32f7xx_hal_cortex.o
 .text.__NVIC_GetPriorityGrouping
                0x0000000008002fdc       0x1c ./Drivers/STM32F7xx_HAL_Driver/Src/stm32f7xx_hal_cortex.o
 .text.__NVIC_EnableIRQ
                0x0000000008002ff8       0x3c ./Drivers/STM32F7xx_HAL_Driver/Src/stm32f7xx_hal_cortex.o
 .text.__NVIC_SetPriority
                0x0000000008003034       0x54 ./Drivers/STM32F7xx_HAL_Driver/Src/stm32f7xx_hal_cortex.o
 .text.NVIC_EncodePriority
                0x0000000008003088       0x66 ./Drivers/STM32F7xx_HAL_Driver/Src/stm32f7xx_hal_cortex.o
 *fill*         0x00000000080030ee        0x2 
 .text.SysTick_Config
                0x00000000080030f0       0x44 ./Drivers/STM32F7xx_HAL_Driver/Src/stm32f7xx_hal_cortex.o
 .text.HAL_NVIC_SetPriorityGrouping
                0x0000000008003134       0x16 ./Drivers/STM32F7xx_HAL_Driver/Src/stm32f7xx_hal_cortex.o
                0x0000000008003134                HAL_NVIC_SetPriorityGrouping
 .text.HAL_NVIC_SetPriority
                0x000000000800314a       0x38 ./Drivers/STM32F7xx_HAL_Driver/Src/stm32f7xx_hal_cortex.o
                0x000000000800314a                HAL_NVIC_SetPriority
 .text.HAL_NVIC_EnableIRQ
                0x0000000008003182       0x1c ./Drivers/STM32F7xx_HAL_Driver/Src/stm32f7xx_hal_cortex.o
                0x0000000008003182                HAL_NVIC_EnableIRQ
 .text.HAL_SYSTICK_Config
                0x000000000800319e       0x18 ./Drivers/STM32F7xx_HAL_Driver/Src/stm32f7xx_hal_cortex.o
                0x000000000800319e                HAL_SYSTICK_Config
 *fill*         0x00000000080031b6        0x2 
 .text.HAL_CRC_Init
                0x00000000080031b8       0xc8 ./Drivers/STM32F7xx_HAL_Driver/Src/stm32f7xx_hal_crc.o
                0x00000000080031b8                HAL_CRC_Init
 .text.HAL_CRC_Calculate
                0x0000000008003280       0x98 ./Drivers/STM32F7xx_HAL_Driver/Src/stm32f7xx_hal_crc.o
                0x0000000008003280                HAL_CRC_Calculate
 .text.CRC_Handle_8
                0x0000000008003318      0x11c ./Drivers/STM32F7xx_HAL_Driver/Src/stm32f7xx_hal_crc.o
 .text.CRC_Handle_16
                0x0000000008003434       0x74 ./Drivers/STM32F7xx_HAL_Driver/Src/stm32f7xx_hal_crc.o
 .text.HAL_CRCEx_Polynomial_Set
                0x00000000080034a8      0x10c ./Drivers/STM32F7xx_HAL_Driver/Src/stm32f7xx_hal_crc_ex.o
                0x00000000080034a8                HAL_CRCEx_Polynomial_Set
 .text.HAL_DMA_Init
                0x00000000080035b4      0x15c ./Drivers/STM32F7xx_HAL_Driver/Src/stm32f7xx_hal_dma.o
                0x00000000080035b4                HAL_DMA_Init
 .text.HAL_DMA_Start_IT
                0x0000000008003710       0xc0 ./Drivers/STM32F7xx_HAL_Driver/Src/stm32f7xx_hal_dma.o
                0x0000000008003710                HAL_DMA_Start_IT
 .text.HAL_DMA_Abort
                0x00000000080037d0       0xe0 ./Drivers/STM32F7xx_HAL_Driver/Src/stm32f7xx_hal_dma.o
                0x00000000080037d0                HAL_DMA_Abort
 .text.HAL_DMA_Abort_IT
                0x00000000080038b0       0x44 ./Drivers/STM32F7xx_HAL_Driver/Src/stm32f7xx_hal_dma.o
                0x00000000080038b0                HAL_DMA_Abort_IT
 .text.HAL_DMA_IRQHandler
                0x00000000080038f4      0x314 ./Drivers/STM32F7xx_HAL_Driver/Src/stm32f7xx_hal_dma.o
                0x00000000080038f4                HAL_DMA_IRQHandler
 .text.HAL_DMA_GetState
                0x0000000008003c08       0x1c ./Drivers/STM32F7xx_HAL_Driver/Src/stm32f7xx_hal_dma.o
                0x0000000008003c08                HAL_DMA_GetState
 .text.DMA_SetConfig
                0x0000000008003c24       0x5c ./Drivers/STM32F7xx_HAL_Driver/Src/stm32f7xx_hal_dma.o
 .text.DMA_CalcBaseAndBitshift
                0x0000000008003c80       0x6c ./Drivers/STM32F7xx_HAL_Driver/Src/stm32f7xx_hal_dma.o
 .text.DMA_CheckFifoParam
                0x0000000008003cec       0xf8 ./Drivers/STM32F7xx_HAL_Driver/Src/stm32f7xx_hal_dma.o
 .text.HAL_GPIO_Init
                0x0000000008003de4      0x358 ./Drivers/STM32F7xx_HAL_Driver/Src/stm32f7xx_hal_gpio.o
                0x0000000008003de4                HAL_GPIO_Init
 .text.HAL_GPIO_WritePin
                0x000000000800413c       0x32 ./Drivers/STM32F7xx_HAL_Driver/Src/stm32f7xx_hal_gpio.o
                0x000000000800413c                HAL_GPIO_WritePin
 .text.HAL_GPIO_TogglePin
                0x000000000800416e       0x34 ./Drivers/STM32F7xx_HAL_Driver/Src/stm32f7xx_hal_gpio.o
                0x000000000800416e                HAL_GPIO_TogglePin
 *fill*         0x00000000080041a2        0x2 
 .text.HAL_I2C_Init
                0x00000000080041a4      0x120 ./Drivers/STM32F7xx_HAL_Driver/Src/stm32f7xx_hal_i2c.o
                0x00000000080041a4                HAL_I2C_Init
 .text.HAL_I2C_Mem_Write
                0x00000000080042c4      0x228 ./Drivers/STM32F7xx_HAL_Driver/Src/stm32f7xx_hal_i2c.o
                0x00000000080042c4                HAL_I2C_Mem_Write
 .text.HAL_I2C_Mem_Read
                0x00000000080044ec      0x234 ./Drivers/STM32F7xx_HAL_Driver/Src/stm32f7xx_hal_i2c.o
                0x00000000080044ec                HAL_I2C_Mem_Read
 .text.HAL_I2C_EV_IRQHandler
                0x0000000008004720       0x34 ./Drivers/STM32F7xx_HAL_Driver/Src/stm32f7xx_hal_i2c.o
                0x0000000008004720                HAL_I2C_EV_IRQHandler
 .text.HAL_I2C_ER_IRQHandler
                0x0000000008004754       0xb6 ./Drivers/STM32F7xx_HAL_Driver/Src/stm32f7xx_hal_i2c.o
                0x0000000008004754                HAL_I2C_ER_IRQHandler
 .text.HAL_I2C_SlaveTxCpltCallback
                0x000000000800480a       0x14 ./Drivers/STM32F7xx_HAL_Driver/Src/stm32f7xx_hal_i2c.o
                0x000000000800480a                HAL_I2C_SlaveTxCpltCallback
 .text.HAL_I2C_SlaveRxCpltCallback
                0x000000000800481e       0x14 ./Drivers/STM32F7xx_HAL_Driver/Src/stm32f7xx_hal_i2c.o
                0x000000000800481e                HAL_I2C_SlaveRxCpltCallback
 .text.HAL_I2C_AddrCallback
                0x0000000008004832       0x1c ./Drivers/STM32F7xx_HAL_Driver/Src/stm32f7xx_hal_i2c.o
                0x0000000008004832                HAL_I2C_AddrCallback
 .text.HAL_I2C_ListenCpltCallback
                0x000000000800484e       0x14 ./Drivers/STM32F7xx_HAL_Driver/Src/stm32f7xx_hal_i2c.o
                0x000000000800484e                HAL_I2C_ListenCpltCallback
 .text.HAL_I2C_ErrorCallback
                0x0000000008004862       0x14 ./Drivers/STM32F7xx_HAL_Driver/Src/stm32f7xx_hal_i2c.o
                0x0000000008004862                HAL_I2C_ErrorCallback
 .text.HAL_I2C_AbortCpltCallback
                0x0000000008004876       0x14 ./Drivers/STM32F7xx_HAL_Driver/Src/stm32f7xx_hal_i2c.o
                0x0000000008004876                HAL_I2C_AbortCpltCallback
 .text.I2C_Slave_ISR_IT
                0x000000000800488a      0x1f0 ./Drivers/STM32F7xx_HAL_Driver/Src/stm32f7xx_hal_i2c.o
 *fill*         0x0000000008004a7a        0x2 
 .text.I2C_RequestMemoryWrite
                0x0000000008004a7c       0xa8 ./Drivers/STM32F7xx_HAL_Driver/Src/stm32f7xx_hal_i2c.o
 .text.I2C_RequestMemoryRead
                0x0000000008004b24       0xa8 ./Drivers/STM32F7xx_HAL_Driver/Src/stm32f7xx_hal_i2c.o
 .text.I2C_ITAddrCplt
                0x0000000008004bcc      0x108 ./Drivers/STM32F7xx_HAL_Driver/Src/stm32f7xx_hal_i2c.o
 .text.I2C_ITSlaveSeqCplt
                0x0000000008004cd4       0xb8 ./Drivers/STM32F7xx_HAL_Driver/Src/stm32f7xx_hal_i2c.o
 .text.I2C_ITSlaveCplt
                0x0000000008004d8c      0x20c ./Drivers/STM32F7xx_HAL_Driver/Src/stm32f7xx_hal_i2c.o
 .text.I2C_ITListenCplt
                0x0000000008004f98       0xa8 ./Drivers/STM32F7xx_HAL_Driver/Src/stm32f7xx_hal_i2c.o
 .text.I2C_ITError
                0x0000000008005040      0x1a0 ./Drivers/STM32F7xx_HAL_Driver/Src/stm32f7xx_hal_i2c.o
 .text.I2C_TreatErrorCallback
                0x00000000080051e0       0x4e ./Drivers/STM32F7xx_HAL_Driver/Src/stm32f7xx_hal_i2c.o
 .text.I2C_Flush_TXDR
                0x000000000800522e       0x48 ./Drivers/STM32F7xx_HAL_Driver/Src/stm32f7xx_hal_i2c.o
 .text.I2C_DMAAbort
                0x0000000008005276       0x3c ./Drivers/STM32F7xx_HAL_Driver/Src/stm32f7xx_hal_i2c.o
 .text.I2C_WaitOnFlagUntilTimeout
                0x00000000080052b2       0x80 ./Drivers/STM32F7xx_HAL_Driver/Src/stm32f7xx_hal_i2c.o
 .text.I2C_WaitOnTXISFlagUntilTimeout
                0x0000000008005332       0x80 ./Drivers/STM32F7xx_HAL_Driver/Src/stm32f7xx_hal_i2c.o
 .text.I2C_WaitOnSTOPFlagUntilTimeout
                0x00000000080053b2       0x78 ./Drivers/STM32F7xx_HAL_Driver/Src/stm32f7xx_hal_i2c.o
 *fill*         0x000000000800542a        0x2 
 .text.I2C_IsErrorOccurred
                0x000000000800542c      0x1c0 ./Drivers/STM32F7xx_HAL_Driver/Src/stm32f7xx_hal_i2c.o
 .text.I2C_TransferConfig
                0x00000000080055ec       0x64 ./Drivers/STM32F7xx_HAL_Driver/Src/stm32f7xx_hal_i2c.o
 .text.I2C_Disable_IRQ
                0x0000000008005650       0xbc ./Drivers/STM32F7xx_HAL_Driver/Src/stm32f7xx_hal_i2c.o
 .text.HAL_I2CEx_ConfigAnalogFilter
                0x000000000800570c       0x96 ./Drivers/STM32F7xx_HAL_Driver/Src/stm32f7xx_hal_i2c_ex.o
                0x000000000800570c                HAL_I2CEx_ConfigAnalogFilter
 .text.HAL_I2CEx_ConfigDigitalFilter
                0x00000000080057a2       0x98 ./Drivers/STM32F7xx_HAL_Driver/Src/stm32f7xx_hal_i2c_ex.o
                0x00000000080057a2                HAL_I2CEx_ConfigDigitalFilter
 *fill*         0x000000000800583a        0x2 
 .text.HAL_PWR_EnableBkUpAccess
                0x000000000800583c       0x20 ./Drivers/STM32F7xx_HAL_Driver/Src/stm32f7xx_hal_pwr.o
                0x000000000800583c                HAL_PWR_EnableBkUpAccess
 .text.HAL_RCC_OscConfig
                0x000000000800585c      0x548 ./Drivers/STM32F7xx_HAL_Driver/Src/stm32f7xx_hal_rcc.o
                0x000000000800585c                HAL_RCC_OscConfig
 .text.HAL_RCC_ClockConfig
                0x0000000008005da4      0x1d8 ./Drivers/STM32F7xx_HAL_Driver/Src/stm32f7xx_hal_rcc.o
                0x0000000008005da4                HAL_RCC_ClockConfig
 .text.HAL_RCC_GetSysClockFreq
                0x0000000008005f7c      0x20c ./Drivers/STM32F7xx_HAL_Driver/Src/stm32f7xx_hal_rcc.o
                0x0000000008005f7c                HAL_RCC_GetSysClockFreq
 .text.HAL_RCC_GetHCLKFreq
                0x0000000008006188       0x18 ./Drivers/STM32F7xx_HAL_Driver/Src/stm32f7xx_hal_rcc.o
                0x0000000008006188                HAL_RCC_GetHCLKFreq
 .text.HAL_RCC_GetPCLK1Freq
                0x00000000080061a0       0x28 ./Drivers/STM32F7xx_HAL_Driver/Src/stm32f7xx_hal_rcc.o
                0x00000000080061a0                HAL_RCC_GetPCLK1Freq
 .text.HAL_RCC_GetPCLK2Freq
                0x00000000080061c8       0x28 ./Drivers/STM32F7xx_HAL_Driver/Src/stm32f7xx_hal_rcc.o
                0x00000000080061c8                HAL_RCC_GetPCLK2Freq
 .text.HAL_RCCEx_PeriphCLKConfig
                0x00000000080061f0      0x7e0 ./Drivers/STM32F7xx_HAL_Driver/Src/stm32f7xx_hal_rcc_ex.o
                0x00000000080061f0                HAL_RCCEx_PeriphCLKConfig
 .text.HAL_RTC_Init
                0x00000000080069d0      0x108 ./Drivers/STM32F7xx_HAL_Driver/Src/stm32f7xx_hal_rtc.o
                0x00000000080069d0                HAL_RTC_Init
 .text.HAL_RTC_SetTime
                0x0000000008006ad8      0x134 ./Drivers/STM32F7xx_HAL_Driver/Src/stm32f7xx_hal_rtc.o
                0x0000000008006ad8                HAL_RTC_SetTime
 .text.HAL_RTC_GetTime
                0x0000000008006c0c       0xbc ./Drivers/STM32F7xx_HAL_Driver/Src/stm32f7xx_hal_rtc.o
                0x0000000008006c0c                HAL_RTC_GetTime
 .text.HAL_RTC_SetDate
                0x0000000008006cc8      0x108 ./Drivers/STM32F7xx_HAL_Driver/Src/stm32f7xx_hal_rtc.o
                0x0000000008006cc8                HAL_RTC_SetDate
 .text.HAL_RTC_GetDate
                0x0000000008006dd0       0xa0 ./Drivers/STM32F7xx_HAL_Driver/Src/stm32f7xx_hal_rtc.o
                0x0000000008006dd0                HAL_RTC_GetDate
 .text.HAL_RTC_WaitForSynchro
                0x0000000008006e70       0x50 ./Drivers/STM32F7xx_HAL_Driver/Src/stm32f7xx_hal_rtc.o
                0x0000000008006e70                HAL_RTC_WaitForSynchro
 .text.RTC_EnterInitMode
                0x0000000008006ec0       0x6e ./Drivers/STM32F7xx_HAL_Driver/Src/stm32f7xx_hal_rtc.o
                0x0000000008006ec0                RTC_EnterInitMode
 .text.RTC_ExitInitMode
                0x0000000008006f2e       0x4a ./Drivers/STM32F7xx_HAL_Driver/Src/stm32f7xx_hal_rtc.o
                0x0000000008006f2e                RTC_ExitInitMode
 .text.RTC_ByteToBcd2
                0x0000000008006f78       0x3c ./Drivers/STM32F7xx_HAL_Driver/Src/stm32f7xx_hal_rtc.o
                0x0000000008006f78                RTC_ByteToBcd2
 .text.RTC_Bcd2ToByte
                0x0000000008006fb4       0x3c ./Drivers/STM32F7xx_HAL_Driver/Src/stm32f7xx_hal_rtc.o
                0x0000000008006fb4                RTC_Bcd2ToByte
 .text.HAL_TIM_Base_Init
                0x0000000008006ff0       0xae ./Drivers/STM32F7xx_HAL_Driver/Src/stm32f7xx_hal_tim.o
                0x0000000008006ff0                HAL_TIM_Base_Init
 *fill*         0x000000000800709e        0x2 
 .text.HAL_TIM_Base_Start_IT
                0x00000000080070a0       0xf0 ./Drivers/STM32F7xx_HAL_Driver/Src/stm32f7xx_hal_tim.o
                0x00000000080070a0                HAL_TIM_Base_Start_IT
 .text.HAL_TIM_PWM_Init
                0x0000000008007190       0xae ./Drivers/STM32F7xx_HAL_Driver/Src/stm32f7xx_hal_tim.o
                0x0000000008007190                HAL_TIM_PWM_Init
 .text.HAL_TIM_PWM_MspInit
                0x000000000800723e       0x14 ./Drivers/STM32F7xx_HAL_Driver/Src/stm32f7xx_hal_tim.o
                0x000000000800723e                HAL_TIM_PWM_MspInit
 *fill*         0x0000000008007252        0x2 
 .text.HAL_TIM_PWM_Start
                0x0000000008007254      0x1f4 ./Drivers/STM32F7xx_HAL_Driver/Src/stm32f7xx_hal_tim.o
                0x0000000008007254                HAL_TIM_PWM_Start
 .text.HAL_TIM_IRQHandler
                0x0000000008007448      0x23e ./Drivers/STM32F7xx_HAL_Driver/Src/stm32f7xx_hal_tim.o
                0x0000000008007448                HAL_TIM_IRQHandler
 *fill*         0x0000000008007686        0x2 
 .text.HAL_TIM_PWM_ConfigChannel
                0x0000000008007688      0x228 ./Drivers/STM32F7xx_HAL_Driver/Src/stm32f7xx_hal_tim.o
                0x0000000008007688                HAL_TIM_PWM_ConfigChannel
 .text.HAL_TIM_ConfigClockSource
                0x00000000080078b0      0x194 ./Drivers/STM32F7xx_HAL_Driver/Src/stm32f7xx_hal_tim.o
                0x00000000080078b0                HAL_TIM_ConfigClockSource
 .text.HAL_TIM_OC_DelayElapsedCallback
                0x0000000008007a44       0x14 ./Drivers/STM32F7xx_HAL_Driver/Src/stm32f7xx_hal_tim.o
                0x0000000008007a44                HAL_TIM_OC_DelayElapsedCallback
 .text.HAL_TIM_IC_CaptureCallback
                0x0000000008007a58       0x14 ./Drivers/STM32F7xx_HAL_Driver/Src/stm32f7xx_hal_tim.o
                0x0000000008007a58                HAL_TIM_IC_CaptureCallback
 .text.HAL_TIM_PWM_PulseFinishedCallback
                0x0000000008007a6c       0x14 ./Drivers/STM32F7xx_HAL_Driver/Src/stm32f7xx_hal_tim.o
                0x0000000008007a6c                HAL_TIM_PWM_PulseFinishedCallback
 .text.HAL_TIM_TriggerCallback
                0x0000000008007a80       0x14 ./Drivers/STM32F7xx_HAL_Driver/Src/stm32f7xx_hal_tim.o
                0x0000000008007a80                HAL_TIM_TriggerCallback
 .text.TIM_Base_SetConfig
                0x0000000008007a94      0x140 ./Drivers/STM32F7xx_HAL_Driver/Src/stm32f7xx_hal_tim.o
                0x0000000008007a94                TIM_Base_SetConfig
 .text.TIM_OC1_SetConfig
                0x0000000008007bd4       0xe4 ./Drivers/STM32F7xx_HAL_Driver/Src/stm32f7xx_hal_tim.o
 .text.TIM_OC2_SetConfig
                0x0000000008007cb8       0xf0 ./Drivers/STM32F7xx_HAL_Driver/Src/stm32f7xx_hal_tim.o
                0x0000000008007cb8                TIM_OC2_SetConfig
 .text.TIM_OC3_SetConfig
                0x0000000008007da8       0xec ./Drivers/STM32F7xx_HAL_Driver/Src/stm32f7xx_hal_tim.o
 .text.TIM_OC4_SetConfig
                0x0000000008007e94       0xb0 ./Drivers/STM32F7xx_HAL_Driver/Src/stm32f7xx_hal_tim.o
 .text.TIM_OC5_SetConfig
                0x0000000008007f44       0xa4 ./Drivers/STM32F7xx_HAL_Driver/Src/stm32f7xx_hal_tim.o
 .text.TIM_OC6_SetConfig
                0x0000000008007fe8       0xa8 ./Drivers/STM32F7xx_HAL_Driver/Src/stm32f7xx_hal_tim.o
 .text.TIM_TI1_ConfigInputStage
                0x0000000008008090       0x5e ./Drivers/STM32F7xx_HAL_Driver/Src/stm32f7xx_hal_tim.o
 .text.TIM_TI2_ConfigInputStage
                0x00000000080080ee       0x60 ./Drivers/STM32F7xx_HAL_Driver/Src/stm32f7xx_hal_tim.o
 .text.TIM_ITRx_SetConfig
                0x000000000800814e       0x36 ./Drivers/STM32F7xx_HAL_Driver/Src/stm32f7xx_hal_tim.o
 .text.TIM_ETR_SetConfig
                0x0000000008008184       0x40 ./Drivers/STM32F7xx_HAL_Driver/Src/stm32f7xx_hal_tim.o
                0x0000000008008184                TIM_ETR_SetConfig
 .text.TIM_CCxChannelCmd
                0x00000000080081c4       0x4a ./Drivers/STM32F7xx_HAL_Driver/Src/stm32f7xx_hal_tim.o
                0x00000000080081c4                TIM_CCxChannelCmd
 *fill*         0x000000000800820e        0x2 
 .text.HAL_TIMEx_MasterConfigSynchronization
                0x0000000008008210      0x11c ./Drivers/STM32F7xx_HAL_Driver/Src/stm32f7xx_hal_tim_ex.o
                0x0000000008008210                HAL_TIMEx_MasterConfigSynchronization
 .text.HAL_TIMEx_CommutCallback
                0x000000000800832c       0x14 ./Drivers/STM32F7xx_HAL_Driver/Src/stm32f7xx_hal_tim_ex.o
                0x000000000800832c                HAL_TIMEx_CommutCallback
 .text.HAL_TIMEx_BreakCallback
                0x0000000008008340       0x14 ./Drivers/STM32F7xx_HAL_Driver/Src/stm32f7xx_hal_tim_ex.o
                0x0000000008008340                HAL_TIMEx_BreakCallback
 .text.HAL_TIMEx_Break2Callback
                0x0000000008008354       0x14 ./Drivers/STM32F7xx_HAL_Driver/Src/stm32f7xx_hal_tim_ex.o
                0x0000000008008354                HAL_TIMEx_Break2Callback
 .text.HAL_UART_Init
                0x0000000008008368       0x9c ./Drivers/STM32F7xx_HAL_Driver/Src/stm32f7xx_hal_uart.o
                0x0000000008008368                HAL_UART_Init
 .text.HAL_UART_Transmit_IT
                0x0000000008008404       0xbc ./Drivers/STM32F7xx_HAL_Driver/Src/stm32f7xx_hal_uart.o
                0x0000000008008404                HAL_UART_Transmit_IT
 .text.HAL_UART_IRQHandler
                0x00000000080084c0      0x5a4 ./Drivers/STM32F7xx_HAL_Driver/Src/stm32f7xx_hal_uart.o
                0x00000000080084c0                HAL_UART_IRQHandler
 .text.HAL_UART_TxCpltCallback
                0x0000000008008a64       0x14 ./Drivers/STM32F7xx_HAL_Driver/Src/stm32f7xx_hal_uart.o
                0x0000000008008a64                HAL_UART_TxCpltCallback
 .text.HAL_UART_RxCpltCallback
                0x0000000008008a78       0x14 ./Drivers/STM32F7xx_HAL_Driver/Src/stm32f7xx_hal_uart.o
                0x0000000008008a78                HAL_UART_RxCpltCallback
 .text.HAL_UART_RxHalfCpltCallback
                0x0000000008008a8c       0x14 ./Drivers/STM32F7xx_HAL_Driver/Src/stm32f7xx_hal_uart.o
                0x0000000008008a8c                HAL_UART_RxHalfCpltCallback
 .text.HAL_UART_ErrorCallback
                0x0000000008008aa0       0x14 ./Drivers/STM32F7xx_HAL_Driver/Src/stm32f7xx_hal_uart.o
                0x0000000008008aa0                HAL_UART_ErrorCallback
 .text.UART_SetConfig
                0x0000000008008ab4      0x4c8 ./Drivers/STM32F7xx_HAL_Driver/Src/stm32f7xx_hal_uart.o
                0x0000000008008ab4                UART_SetConfig
 .text.UART_AdvFeatureConfig
                0x0000000008008f7c      0x144 ./Drivers/STM32F7xx_HAL_Driver/Src/stm32f7xx_hal_uart.o
                0x0000000008008f7c                UART_AdvFeatureConfig
 .text.UART_CheckIdleState
                0x00000000080090c0       0x6e ./Drivers/STM32F7xx_HAL_Driver/Src/stm32f7xx_hal_uart.o
                0x00000000080090c0                UART_CheckIdleState
 .text.UART_WaitOnFlagUntilTimeout
                0x000000000800912e      0x18c ./Drivers/STM32F7xx_HAL_Driver/Src/stm32f7xx_hal_uart.o
                0x000000000800912e                UART_WaitOnFlagUntilTimeout
 *fill*         0x00000000080092ba        0x2 
 .text.UART_Start_Receive_DMA
                0x00000000080092bc      0x140 ./Drivers/STM32F7xx_HAL_Driver/Src/stm32f7xx_hal_uart.o
                0x00000000080092bc                UART_Start_Receive_DMA
 .text.UART_EndTxTransfer
                0x00000000080093fc       0x4c ./Drivers/STM32F7xx_HAL_Driver/Src/stm32f7xx_hal_uart.o
 .text.UART_EndRxTransfer
                0x0000000008009448       0xc8 ./Drivers/STM32F7xx_HAL_Driver/Src/stm32f7xx_hal_uart.o
 .text.UART_DMAReceiveCplt
                0x0000000008009510      0x128 ./Drivers/STM32F7xx_HAL_Driver/Src/stm32f7xx_hal_uart.o
 .text.UART_DMARxHalfCplt
                0x0000000008009638       0x3e ./Drivers/STM32F7xx_HAL_Driver/Src/stm32f7xx_hal_uart.o
 .text.UART_DMAError
                0x0000000008009676       0x7e ./Drivers/STM32F7xx_HAL_Driver/Src/stm32f7xx_hal_uart.o
 .text.UART_DMAAbortOnError
                0x00000000080096f4       0x2c ./Drivers/STM32F7xx_HAL_Driver/Src/stm32f7xx_hal_uart.o
 .text.UART_TxISR_8BIT
                0x0000000008009720       0xb6 ./Drivers/STM32F7xx_HAL_Driver/Src/stm32f7xx_hal_uart.o
 .text.UART_TxISR_16BIT
                0x00000000080097d6       0xc0 ./Drivers/STM32F7xx_HAL_Driver/Src/stm32f7xx_hal_uart.o
 .text.UART_EndTransmit_IT
                0x0000000008009896       0x54 ./Drivers/STM32F7xx_HAL_Driver/Src/stm32f7xx_hal_uart.o
 .text.HAL_UARTEx_ReceiveToIdle_DMA
                0x00000000080098ea       0xa8 ./Drivers/STM32F7xx_HAL_Driver/Src/stm32f7xx_hal_uart_ex.o
                0x00000000080098ea                HAL_UARTEx_ReceiveToIdle_DMA
 *fill*         0x0000000008009992        0x2 
 .text.arm_pid_init_f32
                0x0000000008009994       0x3c C:\Users\szymo\STM32Cube\Repository\Packs\ARM\CMSIS\5.7.0\CMSIS\DSP\Lib\GCC\libarm_cortexM7lfsp_math.a(arm_pid_init_f32.o)
                0x0000000008009994                arm_pid_init_f32
 .text.__cvt    0x00000000080099d0       0xc4 C:/ST/STM32CubeIDE_1.13.2/STM32CubeIDE/plugins/com.st.stm32cube.ide.mcu.externaltools.gnu-tools-for-stm32.11.3.rel1.win32_1.1.1.202309131626/tools/bin/../lib/gcc/arm-none-eabi/11.3.1/../../../../arm-none-eabi/lib/thumb/v7e-m+fp/hard\libc_nano.a(libc_a-nano-vfprintf_float.o)
                0x00000000080099d0                __cvt
 .text.__exponent
                0x0000000008009a94       0x7c C:/ST/STM32CubeIDE_1.13.2/STM32CubeIDE/plugins/com.st.stm32cube.ide.mcu.externaltools.gnu-tools-for-stm32.11.3.rel1.win32_1.1.1.202309131626/tools/bin/../lib/gcc/arm-none-eabi/11.3.1/../../../../arm-none-eabi/lib/thumb/v7e-m+fp/hard\libc_nano.a(libc_a-nano-vfprintf_float.o)
                0x0000000008009a94                __exponent
 .text._printf_float
                0x0000000008009b10      0x46c C:/ST/STM32CubeIDE_1.13.2/STM32CubeIDE/plugins/com.st.stm32cube.ide.mcu.externaltools.gnu-tools-for-stm32.11.3.rel1.win32_1.1.1.202309131626/tools/bin/../lib/gcc/arm-none-eabi/11.3.1/../../../../arm-none-eabi/lib/thumb/v7e-m+fp/hard\libc_nano.a(libc_a-nano-vfprintf_float.o)
                0x0000000008009b10                _printf_float
 .text._printf_common
                0x0000000008009f7c       0xda C:/ST/STM32CubeIDE_1.13.2/STM32CubeIDE/plugins/com.st.stm32cube.ide.mcu.externaltools.gnu-tools-for-stm32.11.3.rel1.win32_1.1.1.202309131626/tools/bin/../lib/gcc/arm-none-eabi/11.3.1/../../../../arm-none-eabi/lib/thumb/v7e-m+fp/hard\libc_nano.a(libc_a-nano-vfprintf_i.o)
                0x0000000008009f7c                _printf_common
 *fill*         0x000000000800a056        0x2 
 .text._printf_i
                0x000000000800a058      0x244 C:/ST/STM32CubeIDE_1.13.2/STM32CubeIDE/plugins/com.st.stm32cube.ide.mcu.externaltools.gnu-tools-for-stm32.11.3.rel1.win32_1.1.1.202309131626/tools/bin/../lib/gcc/arm-none-eabi/11.3.1/../../../../arm-none-eabi/lib/thumb/v7e-m+fp/hard\libc_nano.a(libc_a-nano-vfprintf_i.o)
                0x000000000800a058                _printf_i
 .text._scanf_float
                0x000000000800a29c      0x420 C:/ST/STM32CubeIDE_1.13.2/STM32CubeIDE/plugins/com.st.stm32cube.ide.mcu.externaltools.gnu-tools-for-stm32.11.3.rel1.win32_1.1.1.202309131626/tools/bin/../lib/gcc/arm-none-eabi/11.3.1/../../../../arm-none-eabi/lib/thumb/v7e-m+fp/hard\libc_nano.a(libc_a-nano-vfscanf_float.o)
                0x000000000800a29c                _scanf_float
 .text.std      0x000000000800a6bc       0x6c C:/ST/STM32CubeIDE_1.13.2/STM32CubeIDE/plugins/com.st.stm32cube.ide.mcu.externaltools.gnu-tools-for-stm32.11.3.rel1.win32_1.1.1.202309131626/tools/bin/../lib/gcc/arm-none-eabi/11.3.1/../../../../arm-none-eabi/lib/thumb/v7e-m+fp/hard\libc_nano.a(libc_a-findfp.o)
 .text.stdio_exit_handler
                0x000000000800a728       0x18 C:/ST/STM32CubeIDE_1.13.2/STM32CubeIDE/plugins/com.st.stm32cube.ide.mcu.externaltools.gnu-tools-for-stm32.11.3.rel1.win32_1.1.1.202309131626/tools/bin/../lib/gcc/arm-none-eabi/11.3.1/../../../../arm-none-eabi/lib/thumb/v7e-m+fp/hard\libc_nano.a(libc_a-findfp.o)
 .text.cleanup_stdio
                0x000000000800a740       0x40 C:/ST/STM32CubeIDE_1.13.2/STM32CubeIDE/plugins/com.st.stm32cube.ide.mcu.externaltools.gnu-tools-for-stm32.11.3.rel1.win32_1.1.1.202309131626/tools/bin/../lib/gcc/arm-none-eabi/11.3.1/../../../../arm-none-eabi/lib/thumb/v7e-m+fp/hard\libc_nano.a(libc_a-findfp.o)
 .text.global_stdio_init.part.0
                0x000000000800a780       0x3c C:/ST/STM32CubeIDE_1.13.2/STM32CubeIDE/plugins/com.st.stm32cube.ide.mcu.externaltools.gnu-tools-for-stm32.11.3.rel1.win32_1.1.1.202309131626/tools/bin/../lib/gcc/arm-none-eabi/11.3.1/../../../../arm-none-eabi/lib/thumb/v7e-m+fp/hard\libc_nano.a(libc_a-findfp.o)
 .text.__sfp_lock_acquire
                0x000000000800a7bc        0xc C:/ST/STM32CubeIDE_1.13.2/STM32CubeIDE/plugins/com.st.stm32cube.ide.mcu.externaltools.gnu-tools-for-stm32.11.3.rel1.win32_1.1.1.202309131626/tools/bin/../lib/gcc/arm-none-eabi/11.3.1/../../../../arm-none-eabi/lib/thumb/v7e-m+fp/hard\libc_nano.a(libc_a-findfp.o)
                0x000000000800a7bc                __sfp_lock_acquire
 .text.__sfp_lock_release
                0x000000000800a7c8        0xc C:/ST/STM32CubeIDE_1.13.2/STM32CubeIDE/plugins/com.st.stm32cube.ide.mcu.externaltools.gnu-tools-for-stm32.11.3.rel1.win32_1.1.1.202309131626/tools/bin/../lib/gcc/arm-none-eabi/11.3.1/../../../../arm-none-eabi/lib/thumb/v7e-m+fp/hard\libc_nano.a(libc_a-findfp.o)
                0x000000000800a7c8                __sfp_lock_release
 .text.__sinit  0x000000000800a7d4       0x30 C:/ST/STM32CubeIDE_1.13.2/STM32CubeIDE/plugins/com.st.stm32cube.ide.mcu.externaltools.gnu-tools-for-stm32.11.3.rel1.win32_1.1.1.202309131626/tools/bin/../lib/gcc/arm-none-eabi/11.3.1/../../../../arm-none-eabi/lib/thumb/v7e-m+fp/hard\libc_nano.a(libc_a-findfp.o)
                0x000000000800a7d4                __sinit
 .text._fwalk_sglue
                0x000000000800a804       0x3c C:/ST/STM32CubeIDE_1.13.2/STM32CubeIDE/plugins/com.st.stm32cube.ide.mcu.externaltools.gnu-tools-for-stm32.11.3.rel1.win32_1.1.1.202309131626/tools/bin/../lib/gcc/arm-none-eabi/11.3.1/../../../../arm-none-eabi/lib/thumb/v7e-m+fp/hard\libc_nano.a(libc_a-fwalk.o)
                0x000000000800a804                _fwalk_sglue
 .text.sprintf  0x000000000800a840       0x40 C:/ST/STM32CubeIDE_1.13.2/STM32CubeIDE/plugins/com.st.stm32cube.ide.mcu.externaltools.gnu-tools-for-stm32.11.3.rel1.win32_1.1.1.202309131626/tools/bin/../lib/gcc/arm-none-eabi/11.3.1/../../../../arm-none-eabi/lib/thumb/v7e-m+fp/hard\libc_nano.a(libc_a-sprintf.o)
                0x000000000800a840                siprintf
                0x000000000800a840                sprintf
 .text.sscanf   0x000000000800a880       0x58 C:/ST/STM32CubeIDE_1.13.2/STM32CubeIDE/plugins/com.st.stm32cube.ide.mcu.externaltools.gnu-tools-for-stm32.11.3.rel1.win32_1.1.1.202309131626/tools/bin/../lib/gcc/arm-none-eabi/11.3.1/../../../../arm-none-eabi/lib/thumb/v7e-m+fp/hard\libc_nano.a(libc_a-sscanf.o)
                0x000000000800a880                siscanf
                0x000000000800a880                sscanf
 .text.__sread  0x000000000800a8d8       0x22 C:/ST/STM32CubeIDE_1.13.2/STM32CubeIDE/plugins/com.st.stm32cube.ide.mcu.externaltools.gnu-tools-for-stm32.11.3.rel1.win32_1.1.1.202309131626/tools/bin/../lib/gcc/arm-none-eabi/11.3.1/../../../../arm-none-eabi/lib/thumb/v7e-m+fp/hard\libc_nano.a(libc_a-stdio.o)
                0x000000000800a8d8                __sread
 .text.__seofread
                0x000000000800a8fa        0x4 C:/ST/STM32CubeIDE_1.13.2/STM32CubeIDE/plugins/com.st.stm32cube.ide.mcu.externaltools.gnu-tools-for-stm32.11.3.rel1.win32_1.1.1.202309131626/tools/bin/../lib/gcc/arm-none-eabi/11.3.1/../../../../arm-none-eabi/lib/thumb/v7e-m+fp/hard\libc_nano.a(libc_a-stdio.o)
                0x000000000800a8fa                __seofread
 .text.__swrite
                0x000000000800a8fe       0x38 C:/ST/STM32CubeIDE_1.13.2/STM32CubeIDE/plugins/com.st.stm32cube.ide.mcu.externaltools.gnu-tools-for-stm32.11.3.rel1.win32_1.1.1.202309131626/tools/bin/../lib/gcc/arm-none-eabi/11.3.1/../../../../arm-none-eabi/lib/thumb/v7e-m+fp/hard\libc_nano.a(libc_a-stdio.o)
                0x000000000800a8fe                __swrite
 .text.__sseek  0x000000000800a936       0x24 C:/ST/STM32CubeIDE_1.13.2/STM32CubeIDE/plugins/com.st.stm32cube.ide.mcu.externaltools.gnu-tools-for-stm32.11.3.rel1.win32_1.1.1.202309131626/tools/bin/../lib/gcc/arm-none-eabi/11.3.1/../../../../arm-none-eabi/lib/thumb/v7e-m+fp/hard\libc_nano.a(libc_a-stdio.o)
                0x000000000800a936                __sseek
 .text.__sclose
                0x000000000800a95a        0x8 C:/ST/STM32CubeIDE_1.13.2/STM32CubeIDE/plugins/com.st.stm32cube.ide.mcu.externaltools.gnu-tools-for-stm32.11.3.rel1.win32_1.1.1.202309131626/tools/bin/../lib/gcc/arm-none-eabi/11.3.1/../../../../arm-none-eabi/lib/thumb/v7e-m+fp/hard\libc_nano.a(libc_a-stdio.o)
                0x000000000800a95a                __sclose
 .text.memset   0x000000000800a962       0x10 C:/ST/STM32CubeIDE_1.13.2/STM32CubeIDE/plugins/com.st.stm32cube.ide.mcu.externaltools.gnu-tools-for-stm32.11.3.rel1.win32_1.1.1.202309131626/tools/bin/../lib/gcc/arm-none-eabi/11.3.1/../../../../arm-none-eabi/lib/thumb/v7e-m+fp/hard\libc_nano.a(libc_a-memset.o)
                0x000000000800a962                memset
 *fill*         0x000000000800a972        0x2 
 .text._localeconv_r
                0x000000000800a974        0x8 C:/ST/STM32CubeIDE_1.13.2/STM32CubeIDE/plugins/com.st.stm32cube.ide.mcu.externaltools.gnu-tools-for-stm32.11.3.rel1.win32_1.1.1.202309131626/tools/bin/../lib/gcc/arm-none-eabi/11.3.1/../../../../arm-none-eabi/lib/thumb/v7e-m+fp/hard\libc_nano.a(libc_a-localeconv.o)
                0x000000000800a974                _localeconv_r
 .text._close_r
                0x000000000800a97c       0x20 C:/ST/STM32CubeIDE_1.13.2/STM32CubeIDE/plugins/com.st.stm32cube.ide.mcu.externaltools.gnu-tools-for-stm32.11.3.rel1.win32_1.1.1.202309131626/tools/bin/../lib/gcc/arm-none-eabi/11.3.1/../../../../arm-none-eabi/lib/thumb/v7e-m+fp/hard\libc_nano.a(libc_a-closer.o)
                0x000000000800a97c                _close_r
 .text._lseek_r
                0x000000000800a99c       0x24 C:/ST/STM32CubeIDE_1.13.2/STM32CubeIDE/plugins/com.st.stm32cube.ide.mcu.externaltools.gnu-tools-for-stm32.11.3.rel1.win32_1.1.1.202309131626/tools/bin/../lib/gcc/arm-none-eabi/11.3.1/../../../../arm-none-eabi/lib/thumb/v7e-m+fp/hard\libc_nano.a(libc_a-lseekr.o)
                0x000000000800a99c                _lseek_r
 .text._read_r  0x000000000800a9c0       0x24 C:/ST/STM32CubeIDE_1.13.2/STM32CubeIDE/plugins/com.st.stm32cube.ide.mcu.externaltools.gnu-tools-for-stm32.11.3.rel1.win32_1.1.1.202309131626/tools/bin/../lib/gcc/arm-none-eabi/11.3.1/../../../../arm-none-eabi/lib/thumb/v7e-m+fp/hard\libc_nano.a(libc_a-readr.o)
                0x000000000800a9c0                _read_r
 .text._write_r
                0x000000000800a9e4       0x24 C:/ST/STM32CubeIDE_1.13.2/STM32CubeIDE/plugins/com.st.stm32cube.ide.mcu.externaltools.gnu-tools-for-stm32.11.3.rel1.win32_1.1.1.202309131626/tools/bin/../lib/gcc/arm-none-eabi/11.3.1/../../../../arm-none-eabi/lib/thumb/v7e-m+fp/hard\libc_nano.a(libc_a-writer.o)
                0x000000000800a9e4                _write_r
 .text.__errno  0x000000000800aa08        0xc C:/ST/STM32CubeIDE_1.13.2/STM32CubeIDE/plugins/com.st.stm32cube.ide.mcu.externaltools.gnu-tools-for-stm32.11.3.rel1.win32_1.1.1.202309131626/tools/bin/../lib/gcc/arm-none-eabi/11.3.1/../../../../arm-none-eabi/lib/thumb/v7e-m+fp/hard\libc_nano.a(libc_a-errno.o)
                0x000000000800aa08                __errno
 .text.__libc_init_array
                0x000000000800aa14       0x48 C:/ST/STM32CubeIDE_1.13.2/STM32CubeIDE/plugins/com.st.stm32cube.ide.mcu.externaltools.gnu-tools-for-stm32.11.3.rel1.win32_1.1.1.202309131626/tools/bin/../lib/gcc/arm-none-eabi/11.3.1/../../../../arm-none-eabi/lib/thumb/v7e-m+fp/hard\libc_nano.a(libc_a-init.o)
                0x000000000800aa14                __libc_init_array
 .text.__retarget_lock_init_recursive
                0x000000000800aa5c        0x2 C:/ST/STM32CubeIDE_1.13.2/STM32CubeIDE/plugins/com.st.stm32cube.ide.mcu.externaltools.gnu-tools-for-stm32.11.3.rel1.win32_1.1.1.202309131626/tools/bin/../lib/gcc/arm-none-eabi/11.3.1/../../../../arm-none-eabi/lib/thumb/v7e-m+fp/hard\libc_nano.a(libc_a-lock.o)
                0x000000000800aa5c                __retarget_lock_init_recursive
 .text.__retarget_lock_acquire_recursive
                0x000000000800aa5e        0x2 C:/ST/STM32CubeIDE_1.13.2/STM32CubeIDE/plugins/com.st.stm32cube.ide.mcu.externaltools.gnu-tools-for-stm32.11.3.rel1.win32_1.1.1.202309131626/tools/bin/../lib/gcc/arm-none-eabi/11.3.1/../../../../arm-none-eabi/lib/thumb/v7e-m+fp/hard\libc_nano.a(libc_a-lock.o)
                0x000000000800aa5e                __retarget_lock_acquire_recursive
 .text.__retarget_lock_release_recursive
                0x000000000800aa60        0x2 C:/ST/STM32CubeIDE_1.13.2/STM32CubeIDE/plugins/com.st.stm32cube.ide.mcu.externaltools.gnu-tools-for-stm32.11.3.rel1.win32_1.1.1.202309131626/tools/bin/../lib/gcc/arm-none-eabi/11.3.1/../../../../arm-none-eabi/lib/thumb/v7e-m+fp/hard\libc_nano.a(libc_a-lock.o)
                0x000000000800aa60                __retarget_lock_release_recursive
 .text.memcpy   0x000000000800aa62       0x1c C:/ST/STM32CubeIDE_1.13.2/STM32CubeIDE/plugins/com.st.stm32cube.ide.mcu.externaltools.gnu-tools-for-stm32.11.3.rel1.win32_1.1.1.202309131626/tools/bin/../lib/gcc/arm-none-eabi/11.3.1/../../../../arm-none-eabi/lib/thumb/v7e-m+fp/hard\libc_nano.a(libc_a-memcpy-stub.o)
                0x000000000800aa62                memcpy
 *fill*         0x000000000800aa7e        0x2 
 .text.nanf     0x000000000800aa80        0xc C:/ST/STM32CubeIDE_1.13.2/STM32CubeIDE/plugins/com.st.stm32cube.ide.mcu.externaltools.gnu-tools-for-stm32.11.3.rel1.win32_1.1.1.202309131626/tools/bin/../lib/gcc/arm-none-eabi/11.3.1/../../../../arm-none-eabi/lib/thumb/v7e-m+fp/hard\libc_nano.a(libm_a-sf_nan.o)
                0x000000000800aa80                nanf
 .text.quorem   0x000000000800aa8c      0x110 C:/ST/STM32CubeIDE_1.13.2/STM32CubeIDE/plugins/com.st.stm32cube.ide.mcu.externaltools.gnu-tools-for-stm32.11.3.rel1.win32_1.1.1.202309131626/tools/bin/../lib/gcc/arm-none-eabi/11.3.1/../../../../arm-none-eabi/lib/thumb/v7e-m+fp/hard\libc_nano.a(libc_a-dtoa.o)
 *fill*         0x000000000800ab9c        0x4 
 .text._dtoa_r  0x000000000800aba0      0xbe4 C:/ST/STM32CubeIDE_1.13.2/STM32CubeIDE/plugins/com.st.stm32cube.ide.mcu.externaltools.gnu-tools-for-stm32.11.3.rel1.win32_1.1.1.202309131626/tools/bin/../lib/gcc/arm-none-eabi/11.3.1/../../../../arm-none-eabi/lib/thumb/v7e-m+fp/hard\libc_nano.a(libc_a-dtoa.o)
                0x000000000800aba0                _dtoa_r
 .text._free_r  0x000000000800b784       0x98 C:/ST/STM32CubeIDE_1.13.2/STM32CubeIDE/plugins/com.st.stm32cube.ide.mcu.externaltools.gnu-tools-for-stm32.11.3.rel1.win32_1.1.1.202309131626/tools/bin/../lib/gcc/arm-none-eabi/11.3.1/../../../../arm-none-eabi/lib/thumb/v7e-m+fp/hard\libc_nano.a(libc_a-freer.o)
                0x000000000800b784                _free_r
 .text.malloc   0x000000000800b81c       0x10 C:/ST/STM32CubeIDE_1.13.2/STM32CubeIDE/plugins/com.st.stm32cube.ide.mcu.externaltools.gnu-tools-for-stm32.11.3.rel1.win32_1.1.1.202309131626/tools/bin/../lib/gcc/arm-none-eabi/11.3.1/../../../../arm-none-eabi/lib/thumb/v7e-m+fp/hard\libc_nano.a(libc_a-malloc.o)
                0x000000000800b81c                malloc
 .text.sbrk_aligned
                0x000000000800b82c       0x40 C:/ST/STM32CubeIDE_1.13.2/STM32CubeIDE/plugins/com.st.stm32cube.ide.mcu.externaltools.gnu-tools-for-stm32.11.3.rel1.win32_1.1.1.202309131626/tools/bin/../lib/gcc/arm-none-eabi/11.3.1/../../../../arm-none-eabi/lib/thumb/v7e-m+fp/hard\libc_nano.a(libc_a-mallocr.o)
 .text._malloc_r
                0x000000000800b86c      0x100 C:/ST/STM32CubeIDE_1.13.2/STM32CubeIDE/plugins/com.st.stm32cube.ide.mcu.externaltools.gnu-tools-for-stm32.11.3.rel1.win32_1.1.1.202309131626/tools/bin/../lib/gcc/arm-none-eabi/11.3.1/../../../../arm-none-eabi/lib/thumb/v7e-m+fp/hard\libc_nano.a(libc_a-mallocr.o)
                0x000000000800b86c                _malloc_r
 .text.__malloc_lock
                0x000000000800b96c        0xc C:/ST/STM32CubeIDE_1.13.2/STM32CubeIDE/plugins/com.st.stm32cube.ide.mcu.externaltools.gnu-tools-for-stm32.11.3.rel1.win32_1.1.1.202309131626/tools/bin/../lib/gcc/arm-none-eabi/11.3.1/../../../../arm-none-eabi/lib/thumb/v7e-m+fp/hard\libc_nano.a(libc_a-mlock.o)
                0x000000000800b96c                __malloc_lock
 .text.__malloc_unlock
                0x000000000800b978        0xc C:/ST/STM32CubeIDE_1.13.2/STM32CubeIDE/plugins/com.st.stm32cube.ide.mcu.externaltools.gnu-tools-for-stm32.11.3.rel1.win32_1.1.1.202309131626/tools/bin/../lib/gcc/arm-none-eabi/11.3.1/../../../../arm-none-eabi/lib/thumb/v7e-m+fp/hard\libc_nano.a(libc_a-mlock.o)
                0x000000000800b978                __malloc_unlock
 .text._Balloc  0x000000000800b984       0x80 C:/ST/STM32CubeIDE_1.13.2/STM32CubeIDE/plugins/com.st.stm32cube.ide.mcu.externaltools.gnu-tools-for-stm32.11.3.rel1.win32_1.1.1.202309131626/tools/bin/../lib/gcc/arm-none-eabi/11.3.1/../../../../arm-none-eabi/lib/thumb/v7e-m+fp/hard\libc_nano.a(libc_a-mprec.o)
                0x000000000800b984                _Balloc
 .text._Bfree   0x000000000800ba04       0x44 C:/ST/STM32CubeIDE_1.13.2/STM32CubeIDE/plugins/com.st.stm32cube.ide.mcu.externaltools.gnu-tools-for-stm32.11.3.rel1.win32_1.1.1.202309131626/tools/bin/../lib/gcc/arm-none-eabi/11.3.1/../../../../arm-none-eabi/lib/thumb/v7e-m+fp/hard\libc_nano.a(libc_a-mprec.o)
                0x000000000800ba04                _Bfree
 .text.__multadd
                0x000000000800ba48       0x8c C:/ST/STM32CubeIDE_1.13.2/STM32CubeIDE/plugins/com.st.stm32cube.ide.mcu.externaltools.gnu-tools-for-stm32.11.3.rel1.win32_1.1.1.202309131626/tools/bin/../lib/gcc/arm-none-eabi/11.3.1/../../../../arm-none-eabi/lib/thumb/v7e-m+fp/hard\libc_nano.a(libc_a-mprec.o)
                0x000000000800ba48                __multadd
 .text.__s2b    0x000000000800bad4       0x94 C:/ST/STM32CubeIDE_1.13.2/STM32CubeIDE/plugins/com.st.stm32cube.ide.mcu.externaltools.gnu-tools-for-stm32.11.3.rel1.win32_1.1.1.202309131626/tools/bin/../lib/gcc/arm-none-eabi/11.3.1/../../../../arm-none-eabi/lib/thumb/v7e-m+fp/hard\libc_nano.a(libc_a-mprec.o)
                0x000000000800bad4                __s2b
 .text.__hi0bits
                0x000000000800bb68       0x40 C:/ST/STM32CubeIDE_1.13.2/STM32CubeIDE/plugins/com.st.stm32cube.ide.mcu.externaltools.gnu-tools-for-stm32.11.3.rel1.win32_1.1.1.202309131626/tools/bin/../lib/gcc/arm-none-eabi/11.3.1/../../../../arm-none-eabi/lib/thumb/v7e-m+fp/hard\libc_nano.a(libc_a-mprec.o)
                0x000000000800bb68                __hi0bits
 .text.__lo0bits
                0x000000000800bba8       0x5a C:/ST/STM32CubeIDE_1.13.2/STM32CubeIDE/plugins/com.st.stm32cube.ide.mcu.externaltools.gnu-tools-for-stm32.11.3.rel1.win32_1.1.1.202309131626/tools/bin/../lib/gcc/arm-none-eabi/11.3.1/../../../../arm-none-eabi/lib/thumb/v7e-m+fp/hard\libc_nano.a(libc_a-mprec.o)
                0x000000000800bba8                __lo0bits
 *fill*         0x000000000800bc02        0x2 
 .text.__i2b    0x000000000800bc04       0x2c C:/ST/STM32CubeIDE_1.13.2/STM32CubeIDE/plugins/com.st.stm32cube.ide.mcu.externaltools.gnu-tools-for-stm32.11.3.rel1.win32_1.1.1.202309131626/tools/bin/../lib/gcc/arm-none-eabi/11.3.1/../../../../arm-none-eabi/lib/thumb/v7e-m+fp/hard\libc_nano.a(libc_a-mprec.o)
                0x000000000800bc04                __i2b
 .text.__multiply
                0x000000000800bc30      0x154 C:/ST/STM32CubeIDE_1.13.2/STM32CubeIDE/plugins/com.st.stm32cube.ide.mcu.externaltools.gnu-tools-for-stm32.11.3.rel1.win32_1.1.1.202309131626/tools/bin/../lib/gcc/arm-none-eabi/11.3.1/../../../../arm-none-eabi/lib/thumb/v7e-m+fp/hard\libc_nano.a(libc_a-mprec.o)
                0x000000000800bc30                __multiply
 .text.__pow5mult
                0x000000000800bd84       0xb4 C:/ST/STM32CubeIDE_1.13.2/STM32CubeIDE/plugins/com.st.stm32cube.ide.mcu.externaltools.gnu-tools-for-stm32.11.3.rel1.win32_1.1.1.202309131626/tools/bin/../lib/gcc/arm-none-eabi/11.3.1/../../../../arm-none-eabi/lib/thumb/v7e-m+fp/hard\libc_nano.a(libc_a-mprec.o)
                0x000000000800bd84                __pow5mult
 .text.__lshift
                0x000000000800be38       0xd8 C:/ST/STM32CubeIDE_1.13.2/STM32CubeIDE/plugins/com.st.stm32cube.ide.mcu.externaltools.gnu-tools-for-stm32.11.3.rel1.win32_1.1.1.202309131626/tools/bin/../lib/gcc/arm-none-eabi/11.3.1/../../../../arm-none-eabi/lib/thumb/v7e-m+fp/hard\libc_nano.a(libc_a-mprec.o)
                0x000000000800be38                __lshift
 .text.__mcmp   0x000000000800bf10       0x38 C:/ST/STM32CubeIDE_1.13.2/STM32CubeIDE/plugins/com.st.stm32cube.ide.mcu.externaltools.gnu-tools-for-stm32.11.3.rel1.win32_1.1.1.202309131626/tools/bin/../lib/gcc/arm-none-eabi/11.3.1/../../../../arm-none-eabi/lib/thumb/v7e-m+fp/hard\libc_nano.a(libc_a-mprec.o)
                0x000000000800bf10                __mcmp
 .text.__mdiff  0x000000000800bf48      0x114 C:/ST/STM32CubeIDE_1.13.2/STM32CubeIDE/plugins/com.st.stm32cube.ide.mcu.externaltools.gnu-tools-for-stm32.11.3.rel1.win32_1.1.1.202309131626/tools/bin/../lib/gcc/arm-none-eabi/11.3.1/../../../../arm-none-eabi/lib/thumb/v7e-m+fp/hard\libc_nano.a(libc_a-mprec.o)
                0x000000000800bf48                __mdiff
 .text.__ulp    0x000000000800c05c       0x4c C:/ST/STM32CubeIDE_1.13.2/STM32CubeIDE/plugins/com.st.stm32cube.ide.mcu.externaltools.gnu-tools-for-stm32.11.3.rel1.win32_1.1.1.202309131626/tools/bin/../lib/gcc/arm-none-eabi/11.3.1/../../../../arm-none-eabi/lib/thumb/v7e-m+fp/hard\libc_nano.a(libc_a-mprec.o)
                0x000000000800c05c                __ulp
 .text.__b2d    0x000000000800c0a8       0x94 C:/ST/STM32CubeIDE_1.13.2/STM32CubeIDE/plugins/com.st.stm32cube.ide.mcu.externaltools.gnu-tools-for-stm32.11.3.rel1.win32_1.1.1.202309131626/tools/bin/../lib/gcc/arm-none-eabi/11.3.1/../../../../arm-none-eabi/lib/thumb/v7e-m+fp/hard\libc_nano.a(libc_a-mprec.o)
                0x000000000800c0a8                __b2d
 .text.__d2b    0x000000000800c13c       0xb4 C:/ST/STM32CubeIDE_1.13.2/STM32CubeIDE/plugins/com.st.stm32cube.ide.mcu.externaltools.gnu-tools-for-stm32.11.3.rel1.win32_1.1.1.202309131626/tools/bin/../lib/gcc/arm-none-eabi/11.3.1/../../../../arm-none-eabi/lib/thumb/v7e-m+fp/hard\libc_nano.a(libc_a-mprec.o)
                0x000000000800c13c                __d2b
 .text.__ratio  0x000000000800c1f0       0x66 C:/ST/STM32CubeIDE_1.13.2/STM32CubeIDE/plugins/com.st.stm32cube.ide.mcu.externaltools.gnu-tools-for-stm32.11.3.rel1.win32_1.1.1.202309131626/tools/bin/../lib/gcc/arm-none-eabi/11.3.1/../../../../arm-none-eabi/lib/thumb/v7e-m+fp/hard\libc_nano.a(libc_a-mprec.o)
                0x000000000800c1f0                __ratio
 .text.__copybits
                0x000000000800c256       0x46 C:/ST/STM32CubeIDE_1.13.2/STM32CubeIDE/plugins/com.st.stm32cube.ide.mcu.externaltools.gnu-tools-for-stm32.11.3.rel1.win32_1.1.1.202309131626/tools/bin/../lib/gcc/arm-none-eabi/11.3.1/../../../../arm-none-eabi/lib/thumb/v7e-m+fp/hard\libc_nano.a(libc_a-mprec.o)
                0x000000000800c256                __copybits
 .text.__any_on
                0x000000000800c29c       0x42 C:/ST/STM32CubeIDE_1.13.2/STM32CubeIDE/plugins/com.st.stm32cube.ide.mcu.externaltools.gnu-tools-for-stm32.11.3.rel1.win32_1.1.1.202309131626/tools/bin/../lib/gcc/arm-none-eabi/11.3.1/../../../../arm-none-eabi/lib/thumb/v7e-m+fp/hard\libc_nano.a(libc_a-mprec.o)
                0x000000000800c29c                __any_on
 .text.sulp     0x000000000800c2de       0x38 C:/ST/STM32CubeIDE_1.13.2/STM32CubeIDE/plugins/com.st.stm32cube.ide.mcu.externaltools.gnu-tools-for-stm32.11.3.rel1.win32_1.1.1.202309131626/tools/bin/../lib/gcc/arm-none-eabi/11.3.1/../../../../arm-none-eabi/lib/thumb/v7e-m+fp/hard\libc_nano.a(libc_a-strtod.o)
 *fill*         0x000000000800c316        0x2 
 .text._strtod_l
                0x000000000800c318      0xbe0 C:/ST/STM32CubeIDE_1.13.2/STM32CubeIDE/plugins/com.st.stm32cube.ide.mcu.externaltools.gnu-tools-for-stm32.11.3.rel1.win32_1.1.1.202309131626/tools/bin/../lib/gcc/arm-none-eabi/11.3.1/../../../../arm-none-eabi/lib/thumb/v7e-m+fp/hard\libc_nano.a(libc_a-strtod.o)
                0x000000000800c318                _strtod_l
 .text._strtod_r
                0x000000000800cef8        0xc C:/ST/STM32CubeIDE_1.13.2/STM32CubeIDE/plugins/com.st.stm32cube.ide.mcu.externaltools.gnu-tools-for-stm32.11.3.rel1.win32_1.1.1.202309131626/tools/bin/../lib/gcc/arm-none-eabi/11.3.1/../../../../arm-none-eabi/lib/thumb/v7e-m+fp/hard\libc_nano.a(libc_a-strtod.o)
                0x000000000800cef8                _strtod_r
 .text._strtol_l.constprop.0
                0x000000000800cf04      0x104 C:/ST/STM32CubeIDE_1.13.2/STM32CubeIDE/plugins/com.st.stm32cube.ide.mcu.externaltools.gnu-tools-for-stm32.11.3.rel1.win32_1.1.1.202309131626/tools/bin/../lib/gcc/arm-none-eabi/11.3.1/../../../../arm-none-eabi/lib/thumb/v7e-m+fp/hard\libc_nano.a(libc_a-strtol.o)
 .text._strtol_r
                0x000000000800d008        0x4 C:/ST/STM32CubeIDE_1.13.2/STM32CubeIDE/plugins/com.st.stm32cube.ide.mcu.externaltools.gnu-tools-for-stm32.11.3.rel1.win32_1.1.1.202309131626/tools/bin/../lib/gcc/arm-none-eabi/11.3.1/../../../../arm-none-eabi/lib/thumb/v7e-m+fp/hard\libc_nano.a(libc_a-strtol.o)
                0x000000000800d008                _strtol_r
 .text.__ssputs_r
                0x000000000800d00c       0xb4 C:/ST/STM32CubeIDE_1.13.2/STM32CubeIDE/plugins/com.st.stm32cube.ide.mcu.externaltools.gnu-tools-for-stm32.11.3.rel1.win32_1.1.1.202309131626/tools/bin/../lib/gcc/arm-none-eabi/11.3.1/../../../../arm-none-eabi/lib/thumb/v7e-m+fp/hard\libc_nano.a(libc_a-nano-svfprintf.o)
                0x000000000800d00c                __ssputs_r
 .text._svfprintf_r
                0x000000000800d0c0      0x1fc C:/ST/STM32CubeIDE_1.13.2/STM32CubeIDE/plugins/com.st.stm32cube.ide.mcu.externaltools.gnu-tools-for-stm32.11.3.rel1.win32_1.1.1.202309131626/tools/bin/../lib/gcc/arm-none-eabi/11.3.1/../../../../arm-none-eabi/lib/thumb/v7e-m+fp/hard\libc_nano.a(libc_a-nano-svfprintf.o)
                0x000000000800d0c0                _svfiprintf_r
                0x000000000800d0c0                _svfprintf_r
 .text._sungetc_r
                0x000000000800d2bc       0x7a C:/ST/STM32CubeIDE_1.13.2/STM32CubeIDE/plugins/com.st.stm32cube.ide.mcu.externaltools.gnu-tools-for-stm32.11.3.rel1.win32_1.1.1.202309131626/tools/bin/../lib/gcc/arm-none-eabi/11.3.1/../../../../arm-none-eabi/lib/thumb/v7e-m+fp/hard\libc_nano.a(libc_a-nano-svfscanf.o)
                0x000000000800d2bc                _sungetc_r
 .text.__ssrefill_r
                0x000000000800d336       0x3a C:/ST/STM32CubeIDE_1.13.2/STM32CubeIDE/plugins/com.st.stm32cube.ide.mcu.externaltools.gnu-tools-for-stm32.11.3.rel1.win32_1.1.1.202309131626/tools/bin/../lib/gcc/arm-none-eabi/11.3.1/../../../../arm-none-eabi/lib/thumb/v7e-m+fp/hard\libc_nano.a(libc_a-nano-svfscanf.o)
                0x000000000800d336                __ssrefill_r
 .text.__ssvfscanf_r
                0x000000000800d370      0x2f0 C:/ST/STM32CubeIDE_1.13.2/STM32CubeIDE/plugins/com.st.stm32cube.ide.mcu.externaltools.gnu-tools-for-stm32.11.3.rel1.win32_1.1.1.202309131626/tools/bin/../lib/gcc/arm-none-eabi/11.3.1/../../../../arm-none-eabi/lib/thumb/v7e-m+fp/hard\libc_nano.a(libc_a-nano-svfscanf.o)
                0x000000000800d370                __ssvfiscanf_r
                0x000000000800d370                __ssvfscanf_r
 .text._scanf_chars
                0x000000000800d660       0xb4 C:/ST/STM32CubeIDE_1.13.2/STM32CubeIDE/plugins/com.st.stm32cube.ide.mcu.externaltools.gnu-tools-for-stm32.11.3.rel1.win32_1.1.1.202309131626/tools/bin/../lib/gcc/arm-none-eabi/11.3.1/../../../../arm-none-eabi/lib/thumb/v7e-m+fp/hard\libc_nano.a(libc_a-nano-vfscanf_i.o)
                0x000000000800d660                _scanf_chars
 .text._scanf_i
                0x000000000800d714      0x1e8 C:/ST/STM32CubeIDE_1.13.2/STM32CubeIDE/plugins/com.st.stm32cube.ide.mcu.externaltools.gnu-tools-for-stm32.11.3.rel1.win32_1.1.1.202309131626/tools/bin/../lib/gcc/arm-none-eabi/11.3.1/../../../../arm-none-eabi/lib/thumb/v7e-m+fp/hard\libc_nano.a(libc_a-nano-vfscanf_i.o)
                0x000000000800d714                _scanf_i
 .text.__sflush_r
                0x000000000800d8fc      0x10c C:/ST/STM32CubeIDE_1.13.2/STM32CubeIDE/plugins/com.st.stm32cube.ide.mcu.externaltools.gnu-tools-for-stm32.11.3.rel1.win32_1.1.1.202309131626/tools/bin/../lib/gcc/arm-none-eabi/11.3.1/../../../../arm-none-eabi/lib/thumb/v7e-m+fp/hard\libc_nano.a(libc_a-fflush.o)
                0x000000000800d8fc                __sflush_r
 .text._fflush_r
                0x000000000800da08       0x50 C:/ST/STM32CubeIDE_1.13.2/STM32CubeIDE/plugins/com.st.stm32cube.ide.mcu.externaltools.gnu-tools-for-stm32.11.3.rel1.win32_1.1.1.202309131626/tools/bin/../lib/gcc/arm-none-eabi/11.3.1/../../../../arm-none-eabi/lib/thumb/v7e-m+fp/hard\libc_nano.a(libc_a-fflush.o)
                0x000000000800da08                _fflush_r
 .text.__sccl   0x000000000800da58       0x72 C:/ST/STM32CubeIDE_1.13.2/STM32CubeIDE/plugins/com.st.stm32cube.ide.mcu.externaltools.gnu-tools-for-stm32.11.3.rel1.win32_1.1.1.202309131626/tools/bin/../lib/gcc/arm-none-eabi/11.3.1/../../../../arm-none-eabi/lib/thumb/v7e-m+fp/hard\libc_nano.a(libc_a-sccl.o)
                0x000000000800da58                __sccl
 .text.__submore
                0x000000000800daca       0x74 C:/ST/STM32CubeIDE_1.13.2/STM32CubeIDE/plugins/com.st.stm32cube.ide.mcu.externaltools.gnu-tools-for-stm32.11.3.rel1.win32_1.1.1.202309131626/tools/bin/../lib/gcc/arm-none-eabi/11.3.1/../../../../arm-none-eabi/lib/thumb/v7e-m+fp/hard\libc_nano.a(libc_a-ungetc.o)
                0x000000000800daca                __submore
 .text.memmove  0x000000000800db3e       0x34 C:/ST/STM32CubeIDE_1.13.2/STM32CubeIDE/plugins/com.st.stm32cube.ide.mcu.externaltools.gnu-tools-for-stm32.11.3.rel1.win32_1.1.1.202309131626/tools/bin/../lib/gcc/arm-none-eabi/11.3.1/../../../../arm-none-eabi/lib/thumb/v7e-m+fp/hard\libc_nano.a(libc_a-memmove.o)
                0x000000000800db3e                memmove
 .text.strncmp  0x000000000800db72       0x24 C:/ST/STM32CubeIDE_1.13.2/STM32CubeIDE/plugins/com.st.stm32cube.ide.mcu.externaltools.gnu-tools-for-stm32.11.3.rel1.win32_1.1.1.202309131626/tools/bin/../lib/gcc/arm-none-eabi/11.3.1/../../../../arm-none-eabi/lib/thumb/v7e-m+fp/hard\libc_nano.a(libc_a-strncmp.o)
                0x000000000800db72                strncmp
 *fill*         0x000000000800db96        0x2 
 .text._sbrk_r  0x000000000800db98       0x20 C:/ST/STM32CubeIDE_1.13.2/STM32CubeIDE/plugins/com.st.stm32cube.ide.mcu.externaltools.gnu-tools-for-stm32.11.3.rel1.win32_1.1.1.202309131626/tools/bin/../lib/gcc/arm-none-eabi/11.3.1/../../../../arm-none-eabi/lib/thumb/v7e-m+fp/hard\libc_nano.a(libc_a-sbrkr.o)
                0x000000000800db98                _sbrk_r
 .text.nan      0x000000000800dbb8       0x10 C:/ST/STM32CubeIDE_1.13.2/STM32CubeIDE/plugins/com.st.stm32cube.ide.mcu.externaltools.gnu-tools-for-stm32.11.3.rel1.win32_1.1.1.202309131626/tools/bin/../lib/gcc/arm-none-eabi/11.3.1/../../../../arm-none-eabi/lib/thumb/v7e-m+fp/hard\libc_nano.a(libm_a-s_nan.o)
                0x000000000800dbb8                nan
 .text.__assert_func
                0x000000000800dbc8       0x3c C:/ST/STM32CubeIDE_1.13.2/STM32CubeIDE/plugins/com.st.stm32cube.ide.mcu.externaltools.gnu-tools-for-stm32.11.3.rel1.win32_1.1.1.202309131626/tools/bin/../lib/gcc/arm-none-eabi/11.3.1/../../../../arm-none-eabi/lib/thumb/v7e-m+fp/hard\libc_nano.a(libc_a-assert.o)
                0x000000000800dbc8                __assert_func
 .text._calloc_r
                0x000000000800dc04       0x2c C:/ST/STM32CubeIDE_1.13.2/STM32CubeIDE/plugins/com.st.stm32cube.ide.mcu.externaltools.gnu-tools-for-stm32.11.3.rel1.win32_1.1.1.202309131626/tools/bin/../lib/gcc/arm-none-eabi/11.3.1/../../../../arm-none-eabi/lib/thumb/v7e-m+fp/hard\libc_nano.a(libc_a-callocr.o)
                0x000000000800dc04                _calloc_r
 .text.rshift   0x000000000800dc30       0xa4 C:/ST/STM32CubeIDE_1.13.2/STM32CubeIDE/plugins/com.st.stm32cube.ide.mcu.externaltools.gnu-tools-for-stm32.11.3.rel1.win32_1.1.1.202309131626/tools/bin/../lib/gcc/arm-none-eabi/11.3.1/../../../../arm-none-eabi/lib/thumb/v7e-m+fp/hard\libc_nano.a(libc_a-gdtoa-gethex.o)
 .text.__hexdig_fun
                0x000000000800dcd4       0x2a C:/ST/STM32CubeIDE_1.13.2/STM32CubeIDE/plugins/com.st.stm32cube.ide.mcu.externaltools.gnu-tools-for-stm32.11.3.rel1.win32_1.1.1.202309131626/tools/bin/../lib/gcc/arm-none-eabi/11.3.1/../../../../arm-none-eabi/lib/thumb/v7e-m+fp/hard\libc_nano.a(libc_a-gdtoa-gethex.o)
                0x000000000800dcd4                __hexdig_fun
 *fill*         0x000000000800dcfe        0x2 
 .text.__gethex
                0x000000000800dd00      0x45c C:/ST/STM32CubeIDE_1.13.2/STM32CubeIDE/plugins/com.st.stm32cube.ide.mcu.externaltools.gnu-tools-for-stm32.11.3.rel1.win32_1.1.1.202309131626/tools/bin/../lib/gcc/arm-none-eabi/11.3.1/../../../../arm-none-eabi/lib/thumb/v7e-m+fp/hard\libc_nano.a(libc_a-gdtoa-gethex.o)
                0x000000000800dd00                __gethex
 .text.L_shift  0x000000000800e15c       0x24 C:/ST/STM32CubeIDE_1.13.2/STM32CubeIDE/plugins/com.st.stm32cube.ide.mcu.externaltools.gnu-tools-for-stm32.11.3.rel1.win32_1.1.1.202309131626/tools/bin/../lib/gcc/arm-none-eabi/11.3.1/../../../../arm-none-eabi/lib/thumb/v7e-m+fp/hard\libc_nano.a(libc_a-gdtoa-hexnan.o)
 .text.__match  0x000000000800e180       0x28 C:/ST/STM32CubeIDE_1.13.2/STM32CubeIDE/plugins/com.st.stm32cube.ide.mcu.externaltools.gnu-tools-for-stm32.11.3.rel1.win32_1.1.1.202309131626/tools/bin/../lib/gcc/arm-none-eabi/11.3.1/../../../../arm-none-eabi/lib/thumb/v7e-m+fp/hard\libc_nano.a(libc_a-gdtoa-hexnan.o)
                0x000000000800e180                __match
 .text.__hexnan
                0x000000000800e1a8      0x136 C:/ST/STM32CubeIDE_1.13.2/STM32CubeIDE/plugins/com.st.stm32cube.ide.mcu.externaltools.gnu-tools-for-stm32.11.3.rel1.win32_1.1.1.202309131626/tools/bin/../lib/gcc/arm-none-eabi/11.3.1/../../../../arm-none-eabi/lib/thumb/v7e-m+fp/hard\libc_nano.a(libc_a-gdtoa-hexnan.o)
                0x000000000800e1a8                __hexnan
 .text.__ascii_mbtowc
                0x000000000800e2de       0x24 C:/ST/STM32CubeIDE_1.13.2/STM32CubeIDE/plugins/com.st.stm32cube.ide.mcu.externaltools.gnu-tools-for-stm32.11.3.rel1.win32_1.1.1.202309131626/tools/bin/../lib/gcc/arm-none-eabi/11.3.1/../../../../arm-none-eabi/lib/thumb/v7e-m+fp/hard\libc_nano.a(libc_a-mbtowc_r.o)
                0x000000000800e2de                __ascii_mbtowc
 .text._realloc_r
                0x000000000800e302       0x5e C:/ST/STM32CubeIDE_1.13.2/STM32CubeIDE/plugins/com.st.stm32cube.ide.mcu.externaltools.gnu-tools-for-stm32.11.3.rel1.win32_1.1.1.202309131626/tools/bin/../lib/gcc/arm-none-eabi/11.3.1/../../../../arm-none-eabi/lib/thumb/v7e-m+fp/hard\libc_nano.a(libc_a-reallocr.o)
                0x000000000800e302                _realloc_r
 .text._strtoul_l.constprop.0
                0x000000000800e360       0xe4 C:/ST/STM32CubeIDE_1.13.2/STM32CubeIDE/plugins/com.st.stm32cube.ide.mcu.externaltools.gnu-tools-for-stm32.11.3.rel1.win32_1.1.1.202309131626/tools/bin/../lib/gcc/arm-none-eabi/11.3.1/../../../../arm-none-eabi/lib/thumb/v7e-m+fp/hard\libc_nano.a(libc_a-strtoul.o)
 .text._strtoul_r
                0x000000000800e444        0x4 C:/ST/STM32CubeIDE_1.13.2/STM32CubeIDE/plugins/com.st.stm32cube.ide.mcu.externaltools.gnu-tools-for-stm32.11.3.rel1.win32_1.1.1.202309131626/tools/bin/../lib/gcc/arm-none-eabi/11.3.1/../../../../arm-none-eabi/lib/thumb/v7e-m+fp/hard\libc_nano.a(libc_a-strtoul.o)
                0x000000000800e444                _strtoul_r
 .text.__ascii_wctomb
                0x000000000800e448       0x1a C:/ST/STM32CubeIDE_1.13.2/STM32CubeIDE/plugins/com.st.stm32cube.ide.mcu.externaltools.gnu-tools-for-stm32.11.3.rel1.win32_1.1.1.202309131626/tools/bin/../lib/gcc/arm-none-eabi/11.3.1/../../../../arm-none-eabi/lib/thumb/v7e-m+fp/hard\libc_nano.a(libc_a-wctomb_r.o)
                0x000000000800e448                __ascii_wctomb
 *fill*         0x000000000800e462        0x2 
 .text.fprintf  0x000000000800e464       0x24 C:/ST/STM32CubeIDE_1.13.2/STM32CubeIDE/plugins/com.st.stm32cube.ide.mcu.externaltools.gnu-tools-for-stm32.11.3.rel1.win32_1.1.1.202309131626/tools/bin/../lib/gcc/arm-none-eabi/11.3.1/../../../../arm-none-eabi/lib/thumb/v7e-m+fp/hard\libc_nano.a(libc_a-fprintf.o)
                0x000000000800e464                fiprintf
                0x000000000800e464                fprintf
 .text.abort    0x000000000800e488        0xe C:/ST/STM32CubeIDE_1.13.2/STM32CubeIDE/plugins/com.st.stm32cube.ide.mcu.externaltools.gnu-tools-for-stm32.11.3.rel1.win32_1.1.1.202309131626/tools/bin/../lib/gcc/arm-none-eabi/11.3.1/../../../../arm-none-eabi/lib/thumb/v7e-m+fp/hard\libc_nano.a(libc_a-abort.o)
                0x000000000800e488                abort
 .text._malloc_usable_size_r
                0x000000000800e496       0x10 C:/ST/STM32CubeIDE_1.13.2/STM32CubeIDE/plugins/com.st.stm32cube.ide.mcu.externaltools.gnu-tools-for-stm32.11.3.rel1.win32_1.1.1.202309131626/tools/bin/../lib/gcc/arm-none-eabi/11.3.1/../../../../arm-none-eabi/lib/thumb/v7e-m+fp/hard\libc_nano.a(libc_a-msizer.o)
                0x000000000800e496                _malloc_usable_size_r
 .text.__sfputc_r
                0x000000000800e4a6       0x2e C:/ST/STM32CubeIDE_1.13.2/STM32CubeIDE/plugins/com.st.stm32cube.ide.mcu.externaltools.gnu-tools-for-stm32.11.3.rel1.win32_1.1.1.202309131626/tools/bin/../lib/gcc/arm-none-eabi/11.3.1/../../../../arm-none-eabi/lib/thumb/v7e-m+fp/hard\libc_nano.a(libc_a-nano-vfprintf.o)
 .text.__sfputs_r
                0x000000000800e4d4       0x24 C:/ST/STM32CubeIDE_1.13.2/STM32CubeIDE/plugins/com.st.stm32cube.ide.mcu.externaltools.gnu-tools-for-stm32.11.3.rel1.win32_1.1.1.202309131626/tools/bin/../lib/gcc/arm-none-eabi/11.3.1/../../../../arm-none-eabi/lib/thumb/v7e-m+fp/hard\libc_nano.a(libc_a-nano-vfprintf.o)
                0x000000000800e4d4                __sfputs_r
 .text._vfprintf_r
                0x000000000800e4f8      0x234 C:/ST/STM32CubeIDE_1.13.2/STM32CubeIDE/plugins/com.st.stm32cube.ide.mcu.externaltools.gnu-tools-for-stm32.11.3.rel1.win32_1.1.1.202309131626/tools/bin/../lib/gcc/arm-none-eabi/11.3.1/../../../../arm-none-eabi/lib/thumb/v7e-m+fp/hard\libc_nano.a(libc_a-nano-vfprintf.o)
                0x000000000800e4f8                _vfprintf_r
                0x000000000800e4f8                _vfiprintf_r
 .text.__swbuf_r
                0x000000000800e72c       0x7a C:/ST/STM32CubeIDE_1.13.2/STM32CubeIDE/plugins/com.st.stm32cube.ide.mcu.externaltools.gnu-tools-for-stm32.11.3.rel1.win32_1.1.1.202309131626/tools/bin/../lib/gcc/arm-none-eabi/11.3.1/../../../../arm-none-eabi/lib/thumb/v7e-m+fp/hard\libc_nano.a(libc_a-wbuf.o)
                0x000000000800e72c                __swbuf_r
 *fill*         0x000000000800e7a6        0x2 
 .text.__swsetup_r
                0x000000000800e7a8       0xb0 C:/ST/STM32CubeIDE_1.13.2/STM32CubeIDE/plugins/com.st.stm32cube.ide.mcu.externaltools.gnu-tools-for-stm32.11.3.rel1.win32_1.1.1.202309131626/tools/bin/../lib/gcc/arm-none-eabi/11.3.1/../../../../arm-none-eabi/lib/thumb/v7e-m+fp/hard\libc_nano.a(libc_a-wsetup.o)
                0x000000000800e7a8                __swsetup_r
 .text._raise_r
                0x000000000800e858       0x50 C:/ST/STM32CubeIDE_1.13.2/STM32CubeIDE/plugins/com.st.stm32cube.ide.mcu.externaltools.gnu-tools-for-stm32.11.3.rel1.win32_1.1.1.202309131626/tools/bin/../lib/gcc/arm-none-eabi/11.3.1/../../../../arm-none-eabi/lib/thumb/v7e-m+fp/hard\libc_nano.a(libc_a-signal.o)
                0x000000000800e858                _raise_r
 .text.raise    0x000000000800e8a8       0x10 C:/ST/STM32CubeIDE_1.13.2/STM32CubeIDE/plugins/com.st.stm32cube.ide.mcu.externaltools.gnu-tools-for-stm32.11.3.rel1.win32_1.1.1.202309131626/tools/bin/../lib/gcc/arm-none-eabi/11.3.1/../../../../arm-none-eabi/lib/thumb/v7e-m+fp/hard\libc_nano.a(libc_a-signal.o)
                0x000000000800e8a8                raise
 .text._kill_r  0x000000000800e8b8       0x24 C:/ST/STM32CubeIDE_1.13.2/STM32CubeIDE/plugins/com.st.stm32cube.ide.mcu.externaltools.gnu-tools-for-stm32.11.3.rel1.win32_1.1.1.202309131626/tools/bin/../lib/gcc/arm-none-eabi/11.3.1/../../../../arm-none-eabi/lib/thumb/v7e-m+fp/hard\libc_nano.a(libc_a-signalr.o)
                0x000000000800e8b8                _kill_r
 .text._getpid_r
                0x000000000800e8dc        0x4 C:/ST/STM32CubeIDE_1.13.2/STM32CubeIDE/plugins/com.st.stm32cube.ide.mcu.externaltools.gnu-tools-for-stm32.11.3.rel1.win32_1.1.1.202309131626/tools/bin/../lib/gcc/arm-none-eabi/11.3.1/../../../../arm-none-eabi/lib/thumb/v7e-m+fp/hard\libc_nano.a(libc_a-signalr.o)
                0x000000000800e8dc                _getpid_r
 .text.__swhatbuf_r
                0x000000000800e8e0       0x4c C:/ST/STM32CubeIDE_1.13.2/STM32CubeIDE/plugins/com.st.stm32cube.ide.mcu.externaltools.gnu-tools-for-stm32.11.3.rel1.win32_1.1.1.202309131626/tools/bin/../lib/gcc/arm-none-eabi/11.3.1/../../../../arm-none-eabi/lib/thumb/v7e-m+fp/hard\libc_nano.a(libc_a-makebuf.o)
                0x000000000800e8e0                __swhatbuf_r
 .text.__smakebuf_r
                0x000000000800e92c       0x78 C:/ST/STM32CubeIDE_1.13.2/STM32CubeIDE/plugins/com.st.stm32cube.ide.mcu.externaltools.gnu-tools-for-stm32.11.3.rel1.win32_1.1.1.202309131626/tools/bin/../lib/gcc/arm-none-eabi/11.3.1/../../../../arm-none-eabi/lib/thumb/v7e-m+fp/hard\libc_nano.a(libc_a-makebuf.o)
                0x000000000800e92c                __smakebuf_r
 .text._fstat_r
                0x000000000800e9a4       0x24 C:/ST/STM32CubeIDE_1.13.2/STM32CubeIDE/plugins/com.st.stm32cube.ide.mcu.externaltools.gnu-tools-for-stm32.11.3.rel1.win32_1.1.1.202309131626/tools/bin/../lib/gcc/arm-none-eabi/11.3.1/../../../../arm-none-eabi/lib/thumb/v7e-m+fp/hard\libc_nano.a(libc_a-fstatr.o)
                0x000000000800e9a4                _fstat_r
 .text._isatty_r
                0x000000000800e9c8       0x20 C:/ST/STM32CubeIDE_1.13.2/STM32CubeIDE/plugins/com.st.stm32cube.ide.mcu.externaltools.gnu-tools-for-stm32.11.3.rel1.win32_1.1.1.202309131626/tools/bin/../lib/gcc/arm-none-eabi/11.3.1/../../../../arm-none-eabi/lib/thumb/v7e-m+fp/hard\libc_nano.a(libc_a-isattyr.o)
                0x000000000800e9c8                _isatty_r
 *(.glue_7)
 .glue_7        0x000000000800e9e8        0x0 linker stubs
 *(.glue_7t)